<?xml version="1.0" encoding="UTF-8"?>
<add>
  <doc>
    <field name="author_teim">Rebecca Altermatt</field>
    <field name="collection_sim">Archives of Irish America County Societies Collection</field>
    <field name="collection_ssm">Archives of Irish America County Societies Collection</field>
    <field name="collection_teim">Archives of Irish America County Societies Collection</field>
    <field name="collection_unitid_ssm">AIA.003</field>
    <field name="collection_unitid_teim">AIA.003</field>
    <field name="component_children_bsi">false</field>
    <field name="component_level_isim">2</field>
    <field name="date_range_sim">2001-2100</field>
    <field name="ead_ssi">aia_003</field>
    <field name="format_sim">Archival Object</field>
    <field name="format_ssm">Archival Object</field>
    <field name="heading_ssm">Dinner Dance</field>
    <field name="id">aia_003aspace_21e8f3408858055627130b0b4eeb7e4a</field>
    <field name="level_sim">file</field>
    <field name="location_si">Box: 47, Folder: 2</field>
    <field name="location_ssm">Box: 47, Folder: 2</field>
    <field name="parent_ssi">aspace_ref28</field>
    <field name="parent_ssm">aspace_ref28</field>
    <field name="parent_unittitles_ssm">XIX. Longford</field>
    <field name="parent_unittitles_teim">XIX. Longford</field>
    <field name="ref_ssi">aspace_21e8f3408858055627130b0b4eeb7e4a</field>
    <field name="repository_sim">tamwag</field>
    <field name="repository_ssi">tamwag</field>
    <field name="repository_ssm">tamwag</field>
    <field name="series_si">XIX. Longford &gt;&gt; Dinner Dance</field>
    <field name="series_sim">XIX. Longford</field>
    <field name="sort_ii">304</field>
    <field name="unitdate_end_si">2005</field>
    <field name="unitdate_end_sim">2005</field>
    <field name="unitdate_end_ssm">2005</field>
    <field name="unitdate_normal_sim">2005/2005</field>
    <field name="unitdate_normal_ssm">2005/2005</field>
    <field name="unitdate_normal_teim">2005/2005</field>
    <field name="unitdate_ssm">2005</field>
    <field name="unitdate_start_si">2005</field>
    <field name="unitdate_start_sim">2005</field>
    <field name="unitdate_start_ssm">2005</field>
    <field name="unitdate_teim">2005</field>
    <field name="unitid_ssm">/repositories/2/archival_objects/859022</field>
    <field name="unitid_teim">/repositories/2/archival_objects/859022</field>
    <field name="unittitle_ssm">Dinner Dance</field>
    <field name="unittitle_teim">Dinner Dance</field>
  </doc>
</add>
