<?xml version="1.0" encoding="UTF-8"?><add><doc><field name="author_teim">Rebecca Altermatt</field><field name="collection_sim">Archives of Irish America County Societies Collection</field><field name="collection_ssm">Archives of Irish America County Societies Collection</field><field name="collection_teim">Archives of Irish America County Societies Collection</field><field name="collection_unitid_ssm">AIA.003</field><field name="collection_unitid_teim">AIA.003</field><field name="component_children_bsi">false</field><field name="component_level_isim">2</field><field name="dao_sim">Online Access</field><field name="dao_ssm">County Cork Benevolent, Patriotic and Protective Association Minute Book: 1934-1937</field><field name="dao_teim">County Cork Benevolent, Patriotic and Protective Association Minute Book: 1934-1937</field><field name="date_range_sim">1901-2000</field><field name="ead_ssi">aia_003</field><field name="format_sim">Archival Object</field><field name="format_ssm">Archival Object</field><field name="heading_ssm">County Cork Benevolent, Patriotic and Protective Association Minute Book</field><field name="id">aia_003aspace_2461861716acc3c2e12c2c71aee8b168</field><field name="level_sim">file</field><field name="location_si">Box: 38, Folder: 2</field><field name="location_ssm">Box: 38, Folder: 2</field><field name="parent_ssi">aspace_ref17</field><field name="parent_ssm">aspace_ref17</field><field name="parent_unittitles_ssm">VI. Cork</field><field name="parent_unittitles_teim">VI. Cork</field><field name="ref_ssi">aspace_2461861716acc3c2e12c2c71aee8b168</field><field name="repository_sim">tamwag</field><field name="repository_ssi">tamwag</field><field name="repository_ssm">tamwag</field><field name="series_si">VI. Cork &gt;&gt; County Cork Benevolent, Patriotic and Protective Association Minute Book</field><field name="series_sim">VI. Cork</field><field name="sort_ii">115</field><field name="unitdate_end_si">1937</field><field name="unitdate_end_sim">1937</field><field name="unitdate_end_ssm">1937</field><field name="unitdate_inclusive_teim">1934-1937</field><field name="unitdate_normal_sim">1934/1937</field><field name="unitdate_normal_ssm">1934/1937</field><field name="unitdate_normal_teim">1934/1937</field><field name="unitdate_ssm">Inclusive, 1934-1937</field><field name="unitdate_start_si">1934</field><field name="unitdate_start_sim">1934</field><field name="unitdate_start_ssm">1934</field><field name="unitid_ssm">cuid835</field><field name="unitid_ssm">/repositories/2/archival_objects/738560</field><field name="unitid_teim">cuid835</field><field name="unitid_teim">/repositories/2/archival_objects/738560</field><field name="unittitle_ssm">County Cork Benevolent, Patriotic and Protective Association Minute Book</field><field name="unittitle_teim">County Cork Benevolent, Patriotic and Protective Association Minute Book</field></doc></add>