<?xml version="1.0" encoding="UTF-8"?>
<add>
  <doc>
    <field name="author_teim">Rebecca Altermatt</field>
    <field name="collection_sim">Archives of Irish America County Societies Collection</field>
    <field name="collection_ssm">Archives of Irish America County Societies Collection</field>
    <field name="collection_teim">Archives of Irish America County Societies Collection</field>
    <field name="collection_unitid_ssm">AIA.003</field>
    <field name="collection_unitid_teim">AIA.003</field>
    <field name="component_children_bsi">false</field>
    <field name="component_level_isim">2</field>
    <field name="date_range_sim">1901-2000</field>
    <field name="ead_ssi">aia_003</field>
    <field name="format_sim">Archival Object</field>
    <field name="format_ssm">Archival Object</field>
    <field name="heading_ssm">St. Patrick&#39;s Celebration</field>
    <field name="id">aia_003aspace_bd4228ed34e8f4353c167276b64e0da7</field>
    <field name="level_sim">file</field>
    <field name="location_si">Box: Shared Tamiment 003, Folder: 12</field>
    <field name="location_ssm">Box: Shared Tamiment 003, Folder: 12</field>
    <field name="parent_ssi">aspace_ref34</field>
    <field name="parent_ssm">aspace_ref34</field>
    <field name="parent_unittitles_ssm">XXV. Roscommon</field>
    <field name="parent_unittitles_teim">XXV. Roscommon</field>
    <field name="ref_ssi">aspace_bd4228ed34e8f4353c167276b64e0da7</field>
    <field name="repository_sim">tamwag</field>
    <field name="repository_ssi">tamwag</field>
    <field name="repository_ssm">tamwag</field>
    <field name="series_si">XXV. Roscommon &gt;&gt; St. Patrick&#39;s Celebration</field>
    <field name="series_sim">XXV. Roscommon</field>
    <field name="sort_ii">455</field>
    <field name="unitdate_end_si">1954</field>
    <field name="unitdate_end_sim">1954</field>
    <field name="unitdate_end_ssm">1954</field>
    <field name="unitdate_normal_sim">1954/1954</field>
    <field name="unitdate_normal_ssm">1954/1954</field>
    <field name="unitdate_normal_teim">1954/1954</field>
    <field name="unitdate_ssm">1954</field>
    <field name="unitdate_start_si">1954</field>
    <field name="unitdate_start_sim">1954</field>
    <field name="unitdate_start_ssm">1954</field>
    <field name="unitdate_teim">1954</field>
    <field name="unitid_ssm">/repositories/2/archival_objects/771045</field>
    <field name="unitid_teim">/repositories/2/archival_objects/771045</field>
    <field name="unittitle_ssm">St. Patrick&#39;s Celebration</field>
    <field name="unittitle_teim">St. Patrick&#39;s Celebration</field>
  </doc>
</add>
