<?xml version="1.0" encoding="UTF-8"?><add><doc><field name="author_teim">Rebecca Altermatt</field><field name="collection_sim">Archives of Irish America County Societies Collection</field><field name="collection_ssm">Archives of Irish America County Societies Collection</field><field name="collection_teim">Archives of Irish America County Societies Collection</field><field name="collection_unitid_ssm">AIA.003</field><field name="collection_unitid_teim">AIA.003</field><field name="component_children_bsi">false</field><field name="component_level_isim">2</field><field name="dao_sim">Online Access</field><field name="dao_ssm">Kerrymen&#39;s Patriotic and Benevolent Association minute book: 1903-1907</field><field name="dao_teim">Kerrymen&#39;s Patriotic and Benevolent Association minute book: 1903-1907</field><field name="date_range_sim">1901-2000</field><field name="ead_ssi">aia_003</field><field name="format_sim">Archival Object</field><field name="format_ssm">Archival Object</field><field name="heading_ssm">Kerrymen&#39;s Patriotic and Benevolent Association minute book</field><field name="id">aia_003aspace_903932fd056a157ce0303e954b3f9a7c</field><field name="level_sim">file</field><field name="location_si">Electronic Records</field><field name="location_ssm">Electronic Records</field><field name="parent_ssi">aspace_ref22</field><field name="parent_ssm">aspace_ref22</field><field name="parent_unittitles_ssm">XIII. Kerry</field><field name="parent_unittitles_teim">XIII. Kerry</field><field name="ref_ssi">aspace_903932fd056a157ce0303e954b3f9a7c</field><field name="repository_sim">tamwag</field><field name="repository_ssi">tamwag</field><field name="repository_ssm">tamwag</field><field name="series_si">XIII. Kerry &gt;&gt; Kerrymen&#39;s Patriotic and Benevolent Association minute book</field><field name="series_sim">XIII. Kerry</field><field name="sort_ii">216</field><field name="unitdate_end_si">1907</field><field name="unitdate_end_sim">1907</field><field name="unitdate_end_ssm">1907</field><field name="unitdate_inclusive_teim">1903-1907</field><field name="unitdate_normal_sim">1903/1907</field><field name="unitdate_normal_ssm">1903/1907</field><field name="unitdate_normal_teim">1903/1907</field><field name="unitdate_ssm">Inclusive, 1903-1907</field><field name="unitdate_start_si">1903</field><field name="unitdate_start_sim">1903</field><field name="unitdate_start_ssm">1903</field><field name="unitid_ssm">cuid13386</field><field name="unitid_ssm">/repositories/2/archival_objects/801196</field><field name="unitid_teim">cuid13386</field><field name="unitid_teim">/repositories/2/archival_objects/801196</field><field name="unittitle_ssm">Kerrymen&#39;s Patriotic and Benevolent Association minute book</field><field name="unittitle_teim">Kerrymen&#39;s Patriotic and Benevolent Association minute book</field></doc></add>