<?xml version="1.0" encoding="UTF-8"?><add><doc><field name="id">aia_003aspace_ref107</field><field name="ead_ssi">aia_003</field><field name="parent_ssi">aspace_ref14</field><field name="parent_ssm">aspace_ref14</field><field name="parent_unittitles_ssm">V. Clare</field><field name="parent_unittitles_teim">V. Clare</field><field name="component_level_isim">2</field><field name="component_children_bsi">false</field><field name="collection_sim">Archives of Irish America County Societies Collection</field><field name="collection_ssm">Archives of Irish America County Societies Collection</field><field name="collection_unitid_ssm">AIA.003</field><field name="level_sim">file</field><field name="unittitle_ssm">Miltown Malbay Social Club of New York City, Inc.</field><field name="unittitle_teim">Miltown Malbay Social Club of New York City, Inc.</field><field name="unitid_teim">/repositories/2/archival_objects/374</field><field name="unitid_ssm">/repositories/2/archival_objects/374</field><field name="unitdate_teim">1996</field><field name="ref_ssi">aspace_ref107</field><field name="repository_ssi">tamwag</field><field name="repository_sim">tamwag</field><field name="repository_ssm">tamwag</field><field name="format_sim">Archival Object</field><field name="format_ssm">Archival Object</field><field name="location_ssm">Box: 3, Folder: 27</field><field name="location_si">Box: 3, Folder: 27</field><field name="collection_teim">Archives of Irish America County Societies Collection</field><field name="author_teim">Rebecca Altermatt</field><field name="collection_unitid_teim">AIA.003</field><field name="series_sim">V. Clare</field><field name="series_si">V. Clare &gt;&gt; Miltown Malbay Social Club of New York City, Inc.</field><field name="heading_ssm">Miltown Malbay Social Club of New York City, Inc.</field><field name="unitdate_ssm">1996</field><field name="date_range_sim">undated &amp; other</field><field name="sort_ii">96</field></doc></add>