<?xml version="1.0" encoding="UTF-8"?><add><doc><field name="author_teim">Megan O&#39;Shea</field><field name="collection_sim">Megan O&#39;Shea&#39;s &#34;One Resource to 
 Rule Them All&#34;</field><field name="collection_ssm">Megan O&#39;Shea&#39;s &#34;One Resource to 
 Rule Them All&#34;</field><field name="collection_teim">Megan O&#39;Shea&#39;s &#34;One Resource to 
 Rule Them All&#34;</field><field name="collection_unitid_ssm">MOS.2021</field><field name="collection_unitid_teim">MOS.2021</field><field name="component_children_bsi">true</field><field name="component_level_isim">1</field><field name="date_range_sim">undated &amp; other</field><field name="ead_ssi">mos_2024</field><field name="format_sim">Archival Series</field><field name="format_ssm">Archival Series</field><field name="heading_ssm">Cars &amp; Map</field><field name="id">mos_2024aspace_a9494bd784a28ecc26e870469e977b34</field><field name="level_sim">series</field><field name="ref_ssi">aspace_a9494bd784a28ecc26e870469e977b34</field><field name="repository_sim">edip</field><field name="repository_ssi">edip</field><field name="repository_ssm">edip</field><field name="series_si">Cars &amp; Map</field><field name="sort_ii">31</field><field name="unittitle_ssm">Cars &amp; Map</field><field name="unittitle_teim">Cars &amp; Map</field></doc></add>