<?xml version="1.0" encoding="UTF-8"?>
<add>
  <doc>
    <field name="author_teim">Megan O&#39;Shea</field>
    <field name="collection_sim">Megan O&#39;Shea&#39;s &#34;One Resource to 
 Rule Them All&#34;</field>
    <field name="collection_ssm">Megan O&#39;Shea&#39;s &#34;One Resource to 
 Rule Them All&#34;</field>
    <field name="collection_teim">Megan O&#39;Shea&#39;s &#34;One Resource to 
 Rule Them All&#34;</field>
    <field name="collection_unitid_ssm">MOS.2021</field>
    <field name="collection_unitid_teim">MOS.2021</field>
    <field name="component_children_bsi">false</field>
    <field name="component_level_isim">4</field>
    <field name="date_range_sim">undated &amp; other</field>
    <field name="ead_ssi">mos_2024</field>
    <field name="format_sim">Archival Object</field>
    <field name="format_ssm">Archival Object</field>
    <field name="heading_ssm">LEAF 1</field>
    <field name="id">mos_2024leaf1</field>
    <field name="level_sim">item</field>
    <field name="parent_ssi">ancestor3</field>
    <field name="parent_ssm">ancestor1</field>
    <field name="parent_ssm">ancestor2</field>
    <field name="parent_ssm">ancestor3</field>
    <field name="parent_unittitles_ssm">ANCESTOR 1</field>
    <field name="parent_unittitles_ssm">1112</field>
    <field name="parent_unittitles_ssm">1113</field>
    <field name="parent_unittitles_teim">ANCESTOR 1</field>
    <field name="parent_unittitles_teim">1112</field>
    <field name="parent_unittitles_teim">1113</field>
    <field name="ref_ssi">leaf1</field>
    <field name="repository_sim">edip</field>
    <field name="repository_ssi">edip</field>
    <field name="repository_ssm">edip</field>
    <field name="series_si">ANCESTOR 1 &gt;&gt; 1112 &gt;&gt; 1113 &gt;&gt; LEAF 1</field>
    <field name="series_sim">ANCESTOR 1</field>
    <field name="series_sim">1112</field>
    <field name="series_sim">1113</field>
    <field name="sort_ii">22</field>
    <field name="unittitle_ssm">LEAF 1</field>
    <field name="unittitle_teim">LEAF 1</field>
  </doc>
</add>
