<?xml version="1.0" encoding="UTF-8"?><add><doc><field name="id">mos_2024aspace_ref16</field><field name="ead_ssi">mos_2024</field><field name="component_level_isim">1</field><field name="component_children_bsi">true</field><field name="collection_sim">Megan O'Shea's "One Resource to  Rule Them All"</field><field name="collection_ssm">Megan O'Shea's "One Resource to  Rule Them All"</field><field name="collection_unitid_ssm">MOS.2021</field><field name="level_sim">file</field><field name="unittitle_ssm">Aerial Views, 1890s</field><field name="unittitle_teim">Aerial Views, 1890s</field><field name="unitid_teim">/repositories/6/archival_objects/635127</field><field name="unitid_ssm">/repositories/6/archival_objects/635127</field><field name="unitdate_normal_ssm">1850/2001</field><field name="unitdate_normal_teim">1850/2001</field><field name="unitdate_normal_sim">1850/2001</field><field name="unitdate_inclusive_teim">1890-1899 , 2001 , undated</field><field name="ref_ssi">aspace_ref16</field><field name="repository_ssi">edip</field><field name="repository_sim">edip</field><field name="repository_ssm">edip</field><field name="format_sim">Archival Object</field><field name="format_ssm">Archival Object</field><field name="location_ssm">Box: 206, Folder: 1</field><field name="location_si">Box: 206, Folder: 1</field><field name="collection_teim">Megan O'Shea's "One Resource to  Rule Them All"</field><field name="collection_unitid_teim">MOS.2021</field><field name="series_si">Aerial Views, 1890s</field><field name="heading_ssm">Aerial Views, 1890s</field><field name="unitdate_start_sim">1850</field><field name="unitdate_start_ssm">1850</field><field name="unitdate_start_si">1850</field><field name="unitdate_end_sim">2001</field><field name="unitdate_end_ssm">2001</field><field name="unitdate_end_si">2001</field><field name="unitdate_ssm">Inclusive, 1890-1899 , 2001 , undated</field><field name="date_range_sim">1801-1900</field><field name="date_range_sim">2001-2100</field><field name="language_sim">English</field><field name="language_ssm">English</field><field name="sort_ii">26</field></doc></add>