<?xml version="1.0" encoding="UTF-8"?>
<add>
  <doc>
    <field name="id">ms347_foundling_hospitalaspace_ref1036_eac</field>
    <field name="ead_ssi">ms347_foundling_hospital</field>
    <field name="parent_ssi">aspace_ref16_lbn</field>
    <field name="parent_ssm">aspace_ref16_lbn</field>
    <field name="parent_unittitles_ssm">Series XI. Visual Materials, circa 1880-2005</field>
    <field name="parent_unittitles_teim">Series XI. Visual Materials, circa 1880-2005</field>
    <field name="component_level_isim">2</field>
    <field name="component_children_bsi">false</field>
    <field name="collection_sim">New York Foundling Hospital records</field>
    <field name="collection_ssm">New York Foundling Hospital records</field>
    <field name="collection_unitid_ssm">MS 347</field>
    <field name="level_sim">file</field>
    <field name="unittitle_ssm">St. Irene's (corner of 68th and 3rd)- exterior - view NE from 68th St. (2 vintage prints); view NW from under 3rd Avenue El (reprint)</field>
    <field name="unittitle_teim">St. Irene's (corner of 68th and 3rd)- exterior - view NE from 68th St. (2 vintage prints); view NW from under 3rd Avenue El (reprint)</field>
    <field name="unitdate_teim">undated</field>
    <field name="ref_ssi">aspace_ref1036_eac</field>
    <field name="repository_ssi">nyhs</field>
    <field name="repository_sim">nyhs</field>
    <field name="repository_ssm">nyhs</field>
    <field name="format_sim">Archival Object</field>
    <field name="format_ssm">Archival Object</field>
    <field name="location_ssm">Offsite-Box: 59, Folder: 9</field>
    <field name="location_si">Offsite-Box: 59, Folder: 9</field>
    <field name="collection_teim">New York Foundling Hospital records</field>
    <field name="collection_unitid_teim">MS 347</field>
    <field name="series_sim">Series XI. Visual Materials, circa 1880-2005</field>
    <field name="series_si">Series XI. Visual Materials, circa 1880-2005 &gt;&gt; St. Irene's (corner of 68th and 3rd)- exterior - view NE from 68th St. (2 vintage prints); view NW from under 3rd Avenue El (reprint)</field>
    <field name="heading_ssm">St. Irene's (corner of 68th and 3rd)- exterior - view NE from 68th St. (2 vintage prints); view NW from under 3rd Avenue El (reprint)</field>
    <field name="unitdate_ssm">undated</field>
    <field name="date_range_sim">undated &amp; other</field>
    <field name="sort_ii">952</field>
  </doc>
</add>
