<?xml version="1.0" encoding="UTF-8"?>
<add>
  <doc>
    <field name="id">ms347_foundling_hospitalaspace_ref897_25x</field>
    <field name="ead_ssi">ms347_foundling_hospital</field>
    <field name="parent_ssi">aspace_ref6_obr</field>
    <field name="parent_ssm">aspace_ref6_obr</field>
    <field name="parent_unittitles_ssm">Series VI. Foundling Administrators, 1869-2001</field>
    <field name="parent_unittitles_teim">Series VI. Foundling Administrators, 1869-2001</field>
    <field name="component_level_isim">2</field>
    <field name="component_children_bsi">false</field>
    <field name="collection_sim">New York Foundling Hospital records</field>
    <field name="collection_ssm">New York Foundling Hospital records</field>
    <field name="collection_unitid_ssm">MS 347</field>
    <field name="level_sim">file</field>
    <field name="unittitle_ssm">Sister Irene Fitzgibbon (Founder and Director, 1869-1896) - book of photocopied documents compiled by Joseph D. O'Brien Sr. and Jr.</field>
    <field name="unittitle_teim">Sister Irene Fitzgibbon (Founder and Director, 1869-1896) - book of photocopied documents compiled by Joseph D. O'Brien Sr. and Jr.</field>
    <field name="unitdate_teim">1990 August</field>
    <field name="ref_ssi">aspace_ref897_25x</field>
    <field name="repository_ssi">nyhs</field>
    <field name="repository_sim">nyhs</field>
    <field name="repository_ssm">nyhs</field>
    <field name="format_sim">Archival Object</field>
    <field name="format_ssm">Archival Object</field>
    <field name="location_ssm">Offsite-Box: 51, Folder: 1</field>
    <field name="location_si">Offsite-Box: 51, Folder: 1</field>
    <field name="collection_teim">New York Foundling Hospital records</field>
    <field name="collection_unitid_teim">MS 347</field>
    <field name="series_sim">Series VI. Foundling Administrators, 1869-2001</field>
    <field name="series_si">Series VI. Foundling Administrators, 1869-2001 &gt;&gt; Sister Irene Fitzgibbon (Founder and Director, 1869-1896) - book of photocopied documents compiled by Joseph D. O'Brien Sr. and Jr.</field>
    <field name="heading_ssm">Sister Irene Fitzgibbon (Founder and Director, 1869-1896) - book of photocopied documents compiled by Joseph D. O'Brien Sr. and Jr.</field>
    <field name="unitdate_ssm">1990 August</field>
    <field name="date_range_sim">undated &amp; other</field>
    <field name="sort_ii">811</field>
  </doc>
</add>
