<?xml version="1.0" encoding="UTF-8"?>
<add>
  <doc>
    <field name="id">ms347_foundling_hospitalaspace_ref1325_tcj</field>
    <field name="ead_ssi">ms347_foundling_hospital</field>
    <field name="parent_ssi">aspace_ref197_lh6</field>
    <field name="parent_ssm">aspace_ref197_lh6</field>
    <field name="parent_unittitles_ssm">Series XVII. Published Books, 1951-2001</field>
    <field name="parent_unittitles_teim">Series XVII. Published Books, 1951-2001</field>
    <field name="component_level_isim">2</field>
    <field name="component_children_bsi">false</field>
    <field name="collection_sim">New York Foundling Hospital records</field>
    <field name="collection_ssm">New York Foundling Hospital records</field>
    <field name="collection_unitid_ssm">MS 347</field>
    <field name="level_sim">file</field>
    <field name="unittitle_ssm">Dorothy Urch &lt;em&gt;Charles Found at Last: A Story of the Orphan Trains&lt;/em&gt; (self-published manuscript)</field>
    <field name="unittitle_teim">Dorothy Urch Charles Found at Last: A Story of the Orphan Trains (self-published manuscript)</field>
    <field name="unitdate_teim">circa 2000</field>
    <field name="ref_ssi">aspace_ref1325_tcj</field>
    <field name="repository_ssi">nyhs</field>
    <field name="repository_sim">nyhs</field>
    <field name="repository_ssm">nyhs</field>
    <field name="format_sim">Archival Object</field>
    <field name="format_ssm">Archival Object</field>
    <field name="location_ssm">Offsite-Box: 123, Volume: 240</field>
    <field name="location_si">Offsite-Box: 123, Volume: 240</field>
    <field name="collection_teim">New York Foundling Hospital records</field>
    <field name="collection_unitid_teim">MS 347</field>
    <field name="series_sim">Series XVII. Published Books, 1951-2001</field>
    <field name="series_si">Series XVII. Published Books, 1951-2001 &gt;&gt; Dorothy Urch &lt;em&gt;Charles Found at Last: A Story of the Orphan Trains&lt;/em&gt; (self-published manuscript)</field>
    <field name="heading_ssm">Dorothy Urch Charles Found at Last: A Story of the Orphan Trains (self-published manuscript)</field>
    <field name="unitdate_ssm">circa 2000</field>
    <field name="date_range_sim">undated &amp; other</field>
    <field name="sort_ii">1215</field>
  </doc>
</add>
