<?xml version="1.0" encoding="UTF-8"?>
<add>
  <doc>
    <field name="id">ms347_foundling_hospitalaspace_ref400_25a</field>
    <field name="ead_ssi">ms347_foundling_hospital</field>
    <field name="parent_ssi">aspace_ref385_pa5</field>
    <field name="parent_ssm">aspace_ref4_l87</field>
    <field name="parent_ssm">aspace_ref385_pa5</field>
    <field name="parent_unittitles_ssm">Series IV. Centers, Programs and Departments, Alphabetical, 1869-2008</field>
    <field name="parent_unittitles_ssm">Subseries IV.4. Agency-Operated Boarding Homes (AOBH), 1969-1987</field>
    <field name="parent_unittitles_teim">Series IV. Centers, Programs and Departments, Alphabetical, 1869-2008</field>
    <field name="parent_unittitles_teim">Subseries IV.4. Agency-Operated Boarding Homes (AOBH), 1969-1987</field>
    <field name="component_level_isim">3</field>
    <field name="component_children_bsi">false</field>
    <field name="collection_sim">New York Foundling Hospital records</field>
    <field name="collection_ssm">New York Foundling Hospital records</field>
    <field name="collection_unitid_ssm">MS 347</field>
    <field name="level_sim">file</field>
    <field name="unittitle_ssm">AOBH - Correspondence, Reports, Memos, 1 Photographic Print</field>
    <field name="unittitle_teim">AOBH - Correspondence, Reports, Memos, 1 Photographic Print</field>
    <field name="unitdate_teim">1969 October 24 - 1980 November 21 and undated</field>
    <field name="ref_ssi">aspace_ref400_25a</field>
    <field name="repository_ssi">nyhs</field>
    <field name="repository_sim">nyhs</field>
    <field name="repository_ssm">nyhs</field>
    <field name="format_sim">Archival Object</field>
    <field name="format_ssm">Archival Object</field>
    <field name="location_ssm">Offsite-Box: 21, Folder: 13</field>
    <field name="location_si">Offsite-Box: 21, Folder: 13</field>
    <field name="collection_teim">New York Foundling Hospital records</field>
    <field name="collection_unitid_teim">MS 347</field>
    <field name="series_sim">Series IV. Centers, Programs and Departments, Alphabetical, 1869-2008</field>
    <field name="series_sim">Subseries IV.4. Agency-Operated Boarding Homes (AOBH), 1969-1987</field>
    <field name="series_si">Series IV. Centers, Programs and Departments, Alphabetical, 1869-2008 &gt;&gt; Subseries IV.4. Agency-Operated Boarding Homes (AOBH), 1969-1987 &gt;&gt; AOBH - Correspondence, Reports, Memos, 1 Photographic Print</field>
    <field name="heading_ssm">AOBH - Correspondence, Reports, Memos, 1 Photographic Print</field>
    <field name="unitdate_ssm">1969 October 24 - 1980 November 21 and undated</field>
    <field name="date_range_sim">undated &amp; other</field>
    <field name="sort_ii">343</field>
  </doc>
</add>
