<?xml version="1.0" encoding="UTF-8"?>
<add>
  <doc>
    <field name="id">ms347_foundling_hospitalaspace_ref145_gz0</field>
    <field name="ead_ssi">ms347_foundling_hospital</field>
    <field name="parent_ssi">aspace_ref72_6sw</field>
    <field name="parent_ssm">aspace_ref2_mpr</field>
    <field name="parent_ssm">aspace_ref72_6sw</field>
    <field name="parent_unittitles_ssm">Series II. Annual Reports and Inspections, 1869-2000</field>
    <field name="parent_unittitles_ssm">Subseries II.1. Published Annual and Biennial Reports, 1869-2000</field>
    <field name="parent_unittitles_teim">Series II. Annual Reports and Inspections, 1869-2000</field>
    <field name="parent_unittitles_teim">Subseries II.1. Published Annual and Biennial Reports, 1869-2000</field>
    <field name="component_level_isim">3</field>
    <field name="component_children_bsi">false</field>
    <field name="collection_sim">New York Foundling Hospital records</field>
    <field name="collection_ssm">New York Foundling Hospital records</field>
    <field name="collection_unitid_ssm">MS 347</field>
    <field name="level_sim">file</field>
    <field name="unittitle_ssm">Annual Report (3 copies)</field>
    <field name="unittitle_teim">Annual Report (3 copies)</field>
    <field name="unitdate_normal_ssm">1979/1979</field>
    <field name="unitdate_normal_teim">1979/1979</field>
    <field name="unitdate_normal_sim">1979/1979</field>
    <field name="unitdate_inclusive_teim">1979</field>
    <field name="ref_ssi">aspace_ref145_gz0</field>
    <field name="repository_ssi">nyhs</field>
    <field name="repository_sim">nyhs</field>
    <field name="repository_ssm">nyhs</field>
    <field name="format_sim">Archival Object</field>
    <field name="format_ssm">Archival Object</field>
    <field name="location_ssm">Offsite-Box: 7, Folder: 16</field>
    <field name="location_si">Offsite-Box: 7, Folder: 16</field>
    <field name="collection_teim">New York Foundling Hospital records</field>
    <field name="collection_unitid_teim">MS 347</field>
    <field name="series_sim">Series II. Annual Reports and Inspections, 1869-2000</field>
    <field name="series_sim">Subseries II.1. Published Annual and Biennial Reports, 1869-2000</field>
    <field name="series_si">Series II. Annual Reports and Inspections, 1869-2000 &gt;&gt; Subseries II.1. Published Annual and Biennial Reports, 1869-2000 &gt;&gt; Annual Report (3 copies)</field>
    <field name="heading_ssm">Annual Report (3 copies)</field>
    <field name="unitdate_start_sim">1979</field>
    <field name="unitdate_start_ssm">1979</field>
    <field name="unitdate_start_si">1979</field>
    <field name="unitdate_end_sim">1979</field>
    <field name="unitdate_end_ssm">1979</field>
    <field name="unitdate_end_si">1979</field>
    <field name="unitdate_ssm">Inclusive, 1979</field>
    <field name="date_range_sim">1901-2000</field>
    <field name="sort_ii">106</field>
  </doc>
</add>
