<?xml version="1.0" encoding="UTF-8"?>
<add>
  <doc>
    <field name="id">ms347_foundling_hospitalaspace_ref377_s4q</field>
    <field name="ead_ssi">ms347_foundling_hospital</field>
    <field name="parent_ssi">aspace_ref4_l87</field>
    <field name="parent_ssm">aspace_ref4_l87</field>
    <field name="parent_unittitles_ssm">Series IV. Centers, Programs and Departments, Alphabetical, 1869-2008</field>
    <field name="parent_unittitles_teim">Series IV. Centers, Programs and Departments, Alphabetical, 1869-2008</field>
    <field name="component_level_isim">2</field>
    <field name="component_children_bsi">true</field>
    <field name="collection_sim">New York Foundling Hospital records</field>
    <field name="collection_ssm">New York Foundling Hospital records</field>
    <field name="collection_unitid_ssm">MS 347</field>
    <field name="level_sim">subseries</field>
    <field name="unittitle_ssm">Subseries IV.17. Foster Grandparent Program, 1966-1994</field>
    <field name="unittitle_teim">Subseries IV.17. Foster Grandparent Program, 1966-1994</field>
    <field name="scopecontent_teim">The Foster Grandparent Program began as a federally-funded program created by the Johnson Administration's Office of Economic Opportunity in 1965, to enable retirees to earn a small income building one-on-one relationships with needy children.  The Foundling has been a New York host agency for the program since its inception to the present.  The federally-administered program is currently funded by the Foster Grandparent Program of the NYC Department for the Aging. </field>
    <field name="scopecontent_teim">Materials include correspondence, agreements, periodicals, clippings, and photographic prints. </field>
    <field name="ref_ssi">aspace_ref377_s4q</field>
    <field name="repository_ssi">nyhs</field>
    <field name="repository_sim">nyhs</field>
    <field name="repository_ssm">nyhs</field>
    <field name="format_sim">Archival Series</field>
    <field name="format_ssm">Archival Series</field>
    <field name="collection_teim">New York Foundling Hospital records</field>
    <field name="collection_unitid_teim">MS 347</field>
    <field name="series_sim">Series IV. Centers, Programs and Departments, Alphabetical, 1869-2008</field>
    <field name="series_si">Series IV. Centers, Programs and Departments, Alphabetical, 1869-2008 &gt;&gt; Subseries IV.17. Foster Grandparent Program, 1966-1994</field>
    <field name="heading_ssm">Subseries IV.17. Foster Grandparent Program, 1966-1994</field>
    <field name="date_range_sim">undated &amp; other</field>
    <field name="sort_ii">473</field>
  </doc>
</add>
