<?xml version="1.0" encoding="UTF-8"?>
<add>
  <doc>
    <field name="id">ms347_foundling_hospitalaspace_ref1163_i9x</field>
    <field name="ead_ssi">ms347_foundling_hospital</field>
    <field name="parent_ssi">aspace_ref1159_9v1</field>
    <field name="parent_ssm">aspace_ref198_wv5</field>
    <field name="parent_ssm">aspace_ref1159_9v1</field>
    <field name="parent_unittitles_ssm">Series XIV. Records of Children and Mothers (Restricted), 1869-1966</field>
    <field name="parent_unittitles_ssm">Subseries XIV.4. Boarding-Out/Foster Care Volumes (Restricted)</field>
    <field name="parent_unittitles_teim">Series XIV. Records of Children and Mothers (Restricted), 1869-1966</field>
    <field name="parent_unittitles_teim">Subseries XIV.4. Boarding-Out/Foster Care Volumes (Restricted)</field>
    <field name="component_level_isim">3</field>
    <field name="component_children_bsi">false</field>
    <field name="collection_sim">New York Foundling Hospital records</field>
    <field name="collection_ssm">New York Foundling Hospital records</field>
    <field name="collection_unitid_ssm">MS 347</field>
    <field name="level_sim">file</field>
    <field name="unittitle_ssm">Foster Homes [alphabetical by foster parent] [RESTRICTED]</field>
    <field name="unittitle_teim">Foster Homes [alphabetical by foster parent] [RESTRICTED]</field>
    <field name="unitdate_teim">circa 1915-1932</field>
    <field name="ref_ssi">aspace_ref1163_i9x</field>
    <field name="repository_ssi">nyhs</field>
    <field name="repository_sim">nyhs</field>
    <field name="repository_ssm">nyhs</field>
    <field name="format_sim">Archival Object</field>
    <field name="format_ssm">Archival Object</field>
    <field name="location_ssm">Offsite-Box: 101, Volume: 102</field>
    <field name="location_si">Offsite-Box: 101, Volume: 102</field>
    <field name="collection_teim">New York Foundling Hospital records</field>
    <field name="collection_unitid_teim">MS 347</field>
    <field name="series_sim">Series XIV. Records of Children and Mothers (Restricted), 1869-1966</field>
    <field name="series_sim">Subseries XIV.4. Boarding-Out/Foster Care Volumes (Restricted)</field>
    <field name="series_si">Series XIV. Records of Children and Mothers (Restricted), 1869-1966 &gt;&gt; Subseries XIV.4. Boarding-Out/Foster Care Volumes (Restricted) &gt;&gt; Foster Homes [alphabetical by foster parent] [RESTRICTED]</field>
    <field name="heading_ssm">Foster Homes [alphabetical by foster parent] [RESTRICTED]</field>
    <field name="unitdate_ssm">circa 1915-1932</field>
    <field name="date_range_sim">undated &amp; other</field>
    <field name="sort_ii">1055</field>
  </doc>
</add>
