<?xml version="1.0" encoding="UTF-8"?>
<add>
  <doc>
    <field name="id">ms347_foundling_hospitalaspace_ref505_8le</field>
    <field name="ead_ssi">ms347_foundling_hospital</field>
    <field name="parent_ssi">aspace_ref376_j66</field>
    <field name="parent_ssm">aspace_ref4_l87</field>
    <field name="parent_ssm">aspace_ref376_j66</field>
    <field name="parent_unittitles_ssm">Series IV. Centers, Programs and Departments, Alphabetical, 1869-2008</field>
    <field name="parent_unittitles_ssm">Subseries IV.16. Vincent J. Fontana Center for Child Protection, 1949-2008</field>
    <field name="parent_unittitles_teim">Series IV. Centers, Programs and Departments, Alphabetical, 1869-2008</field>
    <field name="parent_unittitles_teim">Subseries IV.16. Vincent J. Fontana Center for Child Protection, 1949-2008</field>
    <field name="component_level_isim">3</field>
    <field name="component_children_bsi">false</field>
    <field name="collection_sim">New York Foundling Hospital records</field>
    <field name="collection_ssm">New York Foundling Hospital records</field>
    <field name="collection_unitid_ssm">MS 347</field>
    <field name="level_sim">file</field>
    <field name="unittitle_ssm">&lt;em&gt;The Catholic Lawyer&lt;/em&gt;, Vol.22, No.4, incl. "Child Abuse: Tomorrow's Problems Begin Today" and &lt;em&gt;Villanova Law Review&lt;/em&gt;, Vol. 23, No.3, incl. "The Maltreated Child of Our Times" both by Vincent Fontana</field>
    <field name="unittitle_teim">The Catholic Lawyer, Vol.22, No.4, incl. "Child Abuse: Tomorrow's Problems Begin Today" and Villanova Law Review, Vol. 23, No.3, incl. "The Maltreated Child of Our Times" both by Vincent Fontana</field>
    <field name="unitdate_normal_ssm">1976/1978</field>
    <field name="unitdate_normal_teim">1976/1978</field>
    <field name="unitdate_normal_sim">1976/1978</field>
    <field name="unitdate_inclusive_teim">1976-1978</field>
    <field name="ref_ssi">aspace_ref505_8le</field>
    <field name="repository_ssi">nyhs</field>
    <field name="repository_sim">nyhs</field>
    <field name="repository_ssm">nyhs</field>
    <field name="format_sim">Archival Object</field>
    <field name="format_ssm">Archival Object</field>
    <field name="location_ssm">Offsite-Box: 27, Folder: 8</field>
    <field name="location_si">Offsite-Box: 27, Folder: 8</field>
    <field name="collection_teim">New York Foundling Hospital records</field>
    <field name="collection_unitid_teim">MS 347</field>
    <field name="series_sim">Series IV. Centers, Programs and Departments, Alphabetical, 1869-2008</field>
    <field name="series_sim">Subseries IV.16. Vincent J. Fontana Center for Child Protection, 1949-2008</field>
    <field name="series_si">Series IV. Centers, Programs and Departments, Alphabetical, 1869-2008 &gt;&gt; Subseries IV.16. Vincent J. Fontana Center for Child Protection, 1949-2008 &gt;&gt; &lt;em&gt;The Catholic Lawyer&lt;/em&gt;, Vol.22, No.4, incl. "Child Abuse: Tomorrow's Problems Begin Today" and &lt;em&gt;Villanova Law Review&lt;/em&gt;, Vol. 23, No.3, incl. "The Maltreated Child of Our Times" both by Vincent Fontana</field>
    <field name="heading_ssm">The Catholic Lawyer, Vol.22, No.4, incl. "Child Abuse: Tomorrow's Problems Begin Today" and Villanova Law Review, Vol. 23, No.3, incl. "The Maltreated Child of Our Times" both by Vincent Fontana</field>
    <field name="unitdate_start_sim">1976</field>
    <field name="unitdate_start_ssm">1976</field>
    <field name="unitdate_start_si">1976</field>
    <field name="unitdate_end_sim">1978</field>
    <field name="unitdate_end_ssm">1978</field>
    <field name="unitdate_end_si">1978</field>
    <field name="unitdate_ssm">Inclusive, 1976-1978</field>
    <field name="date_range_sim">1901-2000</field>
    <field name="sort_ii">444</field>
  </doc>
</add>
