<?xml version="1.0" encoding="UTF-8"?>
<add>
  <doc>
    <field name="id">ms347_foundling_hospitalaspace_ref857_cwl</field>
    <field name="ead_ssi">ms347_foundling_hospital</field>
    <field name="parent_ssi">aspace_ref786_2pn</field>
    <field name="parent_ssm">aspace_ref5_ddl</field>
    <field name="parent_ssm">aspace_ref786_2pn</field>
    <field name="parent_unittitles_ssm">Series V. Records of the St. Agatha Home for Children, 1875-2001</field>
    <field name="parent_unittitles_ssm">Subseries V.4. St. Agatha Records, Chronological, 1875-2001</field>
    <field name="parent_unittitles_teim">Series V. Records of the St. Agatha Home for Children, 1875-2001</field>
    <field name="parent_unittitles_teim">Subseries V.4. St. Agatha Records, Chronological, 1875-2001</field>
    <field name="component_level_isim">3</field>
    <field name="component_children_bsi">false</field>
    <field name="collection_sim">New York Foundling Hospital records</field>
    <field name="collection_ssm">New York Foundling Hospital records</field>
    <field name="collection_unitid_ssm">MS 347</field>
    <field name="level_sim">file</field>
    <field name="unittitle_ssm">St. Agatha/Foundling - Expansion of Health-Related Facility - application and correspondence</field>
    <field name="unittitle_teim">St. Agatha/Foundling - Expansion of Health-Related Facility - application and correspondence</field>
    <field name="unitdate_teim">1980 October 8 - 1981 May 20</field>
    <field name="ref_ssi">aspace_ref857_cwl</field>
    <field name="repository_ssi">nyhs</field>
    <field name="repository_sim">nyhs</field>
    <field name="repository_ssm">nyhs</field>
    <field name="format_sim">Archival Object</field>
    <field name="format_ssm">Archival Object</field>
    <field name="location_ssm">Offsite-Box: 48, Folder: 2</field>
    <field name="location_si">Offsite-Box: 48, Folder: 2</field>
    <field name="collection_teim">New York Foundling Hospital records</field>
    <field name="collection_unitid_teim">MS 347</field>
    <field name="series_sim">Series V. Records of the St. Agatha Home for Children, 1875-2001</field>
    <field name="series_sim">Subseries V.4. St. Agatha Records, Chronological, 1875-2001</field>
    <field name="series_si">Series V. Records of the St. Agatha Home for Children, 1875-2001 &gt;&gt; Subseries V.4. St. Agatha Records, Chronological, 1875-2001 &gt;&gt; St. Agatha/Foundling - Expansion of Health-Related Facility - application and correspondence</field>
    <field name="heading_ssm">St. Agatha/Foundling - Expansion of Health-Related Facility - application and correspondence</field>
    <field name="unitdate_ssm">1980 October 8 - 1981 May 20</field>
    <field name="date_range_sim">undated &amp; other</field>
    <field name="sort_ii">773</field>
  </doc>
</add>
