<?xml version="1.0" encoding="UTF-8"?>
<add>
  <doc>
    <field name="id">ad_mc_019aspace_f481d297e246b8d4c10993265a7b48ee</field>
    <field name="ead_ssi">ad_mc_019</field>
    <field name="parent_ssi">aspace_ffcf86fa185dc6f974f72897cacd37c6</field>
    <field name="parent_ssm">aspace_ffcf86fa185dc6f974f72897cacd37c6</field>
    <field name="parent_unittitles_ssm">Persia / Iran</field>
    <field name="parent_unittitles_teim">Persia / Iran</field>
    <field name="component_level_isim">2</field>
    <field name="component_children_bsi">false</field>
    <field name="collection_sim">Map Collection, NYU Abu Dhabi Library</field>
    <field name="collection_ssm">Map Collection, NYU Abu Dhabi Library</field>
    <field name="collection_unitid_ssm">AD.MC.019</field>
    <field name="level_sim">file</field>
    <field name="unittitle_ssm">Anville, Jean Baptiste Bourguignon d'.  Carte de l'Empire de Perse</field>
    <field name="unittitle_teim">Anville, Jean Baptiste Bourguignon d'.  Carte de l'Empire de Perse</field>
    <field name="unitdate_normal_ssm">1779/1779</field>
    <field name="unitdate_normal_teim">1779/1779</field>
    <field name="unitdate_normal_sim">1779/1779</field>
    <field name="unitdate_teim">1779</field>
    <field name="phystech_teim">Publication data:  Venice : P. Santini</field>
    <field name="phystech_teim">Library call number:  G7620 .A5 1779</field>
    <field name="ref_ssi">aspace_f481d297e246b8d4c10993265a7b48ee</field>
    <field name="repository_ssi">nyuad</field>
    <field name="repository_sim">nyuad</field>
    <field name="repository_ssm">nyuad</field>
    <field name="format_sim">Archival Object</field>
    <field name="format_ssm">Archival Object</field>
    <field name="location_ssm">map-case: C, drawer: 1A</field>
    <field name="location_si">map-case: C, drawer: 1A</field>
    <field name="collection_teim">Map Collection, NYU Abu Dhabi Library</field>
    <field name="collection_unitid_teim">AD.MC.019</field>
    <field name="series_sim">Persia / Iran</field>
    <field name="series_si">Persia / Iran &gt;&gt; Anville, Jean Baptiste Bourguignon d'.  Carte de l'Empire de Perse</field>
    <field name="heading_ssm">Anville, Jean Baptiste Bourguignon d'.  Carte de l'Empire de Perse</field>
    <field name="unitdate_start_sim">1779</field>
    <field name="unitdate_start_ssm">1779</field>
    <field name="unitdate_start_si">1779</field>
    <field name="unitdate_end_sim">1779</field>
    <field name="unitdate_end_ssm">1779</field>
    <field name="unitdate_end_si">1779</field>
    <field name="unitdate_ssm">1779</field>
    <field name="date_range_sim">1701-1800</field>
    <field name="sort_ii">56</field>
  </doc>
</add>
