<?xml version="1.0" encoding="UTF-8"?>
<add>
  <doc>
    <field name="id">ad_mc_019aspace_3ec8a8c86e208f0f822cb835ee78174a</field>
    <field name="ead_ssi">ad_mc_019</field>
    <field name="parent_ssi">aspace_ffcf86fa185dc6f974f72897cacd37c6</field>
    <field name="parent_ssm">aspace_ffcf86fa185dc6f974f72897cacd37c6</field>
    <field name="parent_unittitles_ssm">Persia / Iran</field>
    <field name="parent_unittitles_teim">Persia / Iran</field>
    <field name="component_level_isim">2</field>
    <field name="component_children_bsi">false</field>
    <field name="collection_sim">Map Collection, NYU Abu Dhabi Library</field>
    <field name="collection_ssm">Map Collection, NYU Abu Dhabi Library</field>
    <field name="collection_unitid_ssm">AD.MC.019</field>
    <field name="level_sim">file</field>
    <field name="unittitle_ssm">Blaeu, Willem Janszoon.  Persia Sive Sophorum Regnum</field>
    <field name="unittitle_teim">Blaeu, Willem Janszoon.  Persia Sive Sophorum Regnum</field>
    <field name="unitdate_normal_ssm">1634/1634</field>
    <field name="unitdate_normal_teim">1634/1634</field>
    <field name="unitdate_normal_sim">1634/1634</field>
    <field name="unitdate_teim">1634</field>
    <field name="phystech_teim">Publication data:  [Amsterdam] : Guiljelmus Blaeu</field>
    <field name="phystech_teim">Library call number:  G7620 .B5 1634</field>
    <field name="ref_ssi">aspace_3ec8a8c86e208f0f822cb835ee78174a</field>
    <field name="repository_ssi">nyuad</field>
    <field name="repository_sim">nyuad</field>
    <field name="repository_ssm">nyuad</field>
    <field name="format_sim">Archival Object</field>
    <field name="format_ssm">Archival Object</field>
    <field name="location_ssm">box: Maps B, folder: 6</field>
    <field name="location_si">box: Maps B, folder: 6</field>
    <field name="collection_teim">Map Collection, NYU Abu Dhabi Library</field>
    <field name="collection_unitid_teim">AD.MC.019</field>
    <field name="series_sim">Persia / Iran</field>
    <field name="series_si">Persia / Iran &gt;&gt; Blaeu, Willem Janszoon.  Persia Sive Sophorum Regnum</field>
    <field name="heading_ssm">Blaeu, Willem Janszoon.  Persia Sive Sophorum Regnum</field>
    <field name="unitdate_start_sim">1634</field>
    <field name="unitdate_start_ssm">1634</field>
    <field name="unitdate_start_si">1634</field>
    <field name="unitdate_end_sim">1634</field>
    <field name="unitdate_end_ssm">1634</field>
    <field name="unitdate_end_si">1634</field>
    <field name="unitdate_ssm">1634</field>
    <field name="date_range_sim">1601-1700</field>
    <field name="sort_ii">57</field>
  </doc>
</add>
