<?xml version="1.0" encoding="UTF-8"?>
<add>
  <doc>
    <field name="id">ad_mc_019aspace_ffcf86fa185dc6f974f72897cacd37c6</field>
    <field name="ead_ssi">ad_mc_019</field>
    <field name="component_level_isim">1</field>
    <field name="component_children_bsi">true</field>
    <field name="collection_sim">Map Collection, NYU Abu Dhabi Library</field>
    <field name="collection_ssm">Map Collection, NYU Abu Dhabi Library</field>
    <field name="collection_unitid_ssm">AD.MC.019</field>
    <field name="level_sim">series</field>
    <field name="unittitle_ssm">Persia / Iran</field>
    <field name="unittitle_teim">Persia / Iran</field>
    <field name="unitdate_normal_ssm">1613/1974</field>
    <field name="unitdate_normal_teim">1613/1974</field>
    <field name="unitdate_normal_sim">1613/1974</field>
    <field name="unitdate_inclusive_teim">1613-1974</field>
    <field name="ref_ssi">aspace_ffcf86fa185dc6f974f72897cacd37c6</field>
    <field name="repository_ssi">nyuad</field>
    <field name="repository_sim">nyuad</field>
    <field name="repository_ssm">nyuad</field>
    <field name="format_sim">Archival Series</field>
    <field name="format_ssm">Archival Series</field>
    <field name="collection_teim">Map Collection, NYU Abu Dhabi Library</field>
    <field name="collection_unitid_teim">AD.MC.019</field>
    <field name="series_si">Persia / Iran</field>
    <field name="heading_ssm">Persia / Iran</field>
    <field name="unitdate_start_sim">1613</field>
    <field name="unitdate_start_ssm">1613</field>
    <field name="unitdate_start_si">1613</field>
    <field name="unitdate_end_sim">1974</field>
    <field name="unitdate_end_ssm">1974</field>
    <field name="unitdate_end_si">1974</field>
    <field name="unitdate_ssm">Inclusive, 1613-1974</field>
    <field name="date_range_sim">1601-1700</field>
    <field name="date_range_sim">1901-2000</field>
    <field name="sort_ii">55</field>
  </doc>
</add>
