<?xml version="1.0" encoding="UTF-8"?>
<add>
  <doc>
    <field name="id">ad_mc_019aspace_05649e9824cd0a4a8638168101fe6ffb</field>
    <field name="ead_ssi">ad_mc_019</field>
    <field name="component_level_isim">1</field>
    <field name="component_children_bsi">true</field>
    <field name="collection_sim">Map Collection, NYU Abu Dhabi Library</field>
    <field name="collection_ssm">Map Collection, NYU Abu Dhabi Library</field>
    <field name="collection_unitid_ssm">AD.MC.019</field>
    <field name="level_sim">series</field>
    <field name="unittitle_ssm">Arabian (Persian) Gulf</field>
    <field name="unittitle_teim">Arabian (Persian) Gulf</field>
    <field name="unitdate_normal_ssm">1939/1993</field>
    <field name="unitdate_normal_teim">1939/1993</field>
    <field name="unitdate_normal_sim">1939/1993</field>
    <field name="unitdate_inclusive_teim">1939-1993</field>
    <field name="scopecontent_teim">Includes nautical charts of the Gulf, as well as maps of countries on the Arabian littoral of the Gulf (maps pertaining to Iran are included within the "Persia/Iran" series).</field>
    <field name="ref_ssi">aspace_05649e9824cd0a4a8638168101fe6ffb</field>
    <field name="repository_ssi">nyuad</field>
    <field name="repository_sim">nyuad</field>
    <field name="repository_ssm">nyuad</field>
    <field name="format_sim">Archival Series</field>
    <field name="format_ssm">Archival Series</field>
    <field name="collection_teim">Map Collection, NYU Abu Dhabi Library</field>
    <field name="collection_unitid_teim">AD.MC.019</field>
    <field name="series_si">Arabian (Persian) Gulf</field>
    <field name="heading_ssm">Arabian (Persian) Gulf</field>
    <field name="unitdate_start_sim">1939</field>
    <field name="unitdate_start_ssm">1939</field>
    <field name="unitdate_start_si">1939</field>
    <field name="unitdate_end_sim">1993</field>
    <field name="unitdate_end_ssm">1993</field>
    <field name="unitdate_end_si">1993</field>
    <field name="unitdate_ssm">Inclusive, 1939-1993</field>
    <field name="date_range_sim">1901-2000</field>
    <field name="language_sim">English</field>
    <field name="language_ssm">English</field>
    <field name="sort_ii">4</field>
  </doc>
</add>
