<?xml version="1.0" encoding="UTF-8"?>
<add>
  <doc>
    <field name="id">arc_212_plymouth_beecheraspace_ref452_mp0</field>
    <field name="ead_ssi">arc_212_plymouth_beecher</field>
    <field name="parent_ssi">aspace_ref451_afq</field>
    <field name="parent_ssm">aspace_ref451_afq</field>
    <field name="parent_unittitles_ssm">Series 3: Images</field>
    <field name="parent_unittitles_teim">Series 3: Images</field>
    <field name="component_level_isim">2</field>
    <field name="component_children_bsi">false</field>
    <field name="collection_sim">Plymouth Church of the Pilgrims and Henry Ward Beecher collection</field>
    <field name="collection_ssm">Plymouth Church of the Pilgrims and Henry Ward Beecher collection</field>
    <field name="collection_unitid_ssm">ARC.212</field>
    <field name="level_sim">file</field>
    <field name="unittitle_ssm">Henry Ward Beecher: small images.</field>
    <field name="unittitle_teim">Henry Ward Beecher: small images.</field>
    <field name="unitdate_normal_ssm">1840/1880</field>
    <field name="unitdate_normal_teim">1840/1880</field>
    <field name="unitdate_normal_sim">1840/1880</field>
    <field name="unitdate_inclusive_teim">circa 1840s-1880s</field>
    <field name="ref_ssi">aspace_ref452_mp0</field>
    <field name="repository_ssi">cbh</field>
    <field name="repository_sim">cbh</field>
    <field name="repository_ssm">cbh</field>
    <field name="format_sim">Archival Object</field>
    <field name="format_ssm">Archival Object</field>
    <field name="location_ssm">Box: 67, Folder: 1</field>
    <field name="location_si">Box: 67, Folder: 1</field>
    <field name="collection_teim">Plymouth Church of the Pilgrims and Henry Ward Beecher collection</field>
    <field name="collection_unitid_teim">ARC.212</field>
    <field name="series_sim">Series 3: Images</field>
    <field name="series_si">Series 3: Images &gt;&gt; Henry Ward Beecher: small images.</field>
    <field name="heading_ssm">Henry Ward Beecher: small images.</field>
    <field name="unitdate_start_sim">1840</field>
    <field name="unitdate_start_ssm">1840</field>
    <field name="unitdate_start_si">1840</field>
    <field name="unitdate_end_sim">1880</field>
    <field name="unitdate_end_ssm">1880</field>
    <field name="unitdate_end_si">1880</field>
    <field name="unitdate_ssm">Inclusive, circa 1840s-1880s</field>
    <field name="date_range_sim">1801-1900</field>
    <field name="sort_ii">432</field>
  </doc>
</add>
