<?xml version="1.0" encoding="UTF-8"?>
<add>
  <doc>
    <field name="id">arc_212_plymouth_beecheraspace_ref85_nyu</field>
    <field name="ead_ssi">arc_212_plymouth_beecher</field>
    <field name="parent_ssi">aspace_ref52_oek</field>
    <field name="parent_ssm">aspace_ref1_kpj</field>
    <field name="parent_ssm">aspace_ref52_oek</field>
    <field name="parent_unittitles_ssm">Series 1: Henry Ward Beecher</field>
    <field name="parent_unittitles_ssm">
      Section 3: Sermons, Lectures, and Publications
    </field>
    <field name="parent_unittitles_teim">Series 1: Henry Ward Beecher</field>
    <field name="parent_unittitles_teim">
      Section 3: Sermons, Lectures, and Publications
    </field>
    <field name="component_level_isim">3</field>
    <field name="component_children_bsi">false</field>
    <field name="collection_sim">Plymouth Church of the Pilgrims and Henry Ward Beecher collection</field>
    <field name="collection_ssm">Plymouth Church of the Pilgrims and Henry Ward Beecher collection</field>
    <field name="collection_unitid_ssm">ARC.212</field>
    <field name="level_sim">file</field>
    <field name="unittitle_ssm">Sermons (2 bound copies) (September-March) (TJE, printed, 1892).</field>
    <field name="unittitle_teim">Sermons (2 bound copies) (September-March) (TJE, printed, 1892).</field>
    <field name="unitdate_normal_ssm">1882/1883</field>
    <field name="unitdate_normal_teim">1882/1883</field>
    <field name="unitdate_normal_sim">1882/1883</field>
    <field name="unitdate_inclusive_teim">1882-1883</field>
    <field name="ref_ssi">aspace_ref85_nyu</field>
    <field name="repository_ssi">cbh</field>
    <field name="repository_sim">cbh</field>
    <field name="repository_ssm">cbh</field>
    <field name="format_sim">Archival Object</field>
    <field name="format_ssm">Archival Object</field>
    <field name="location_ssm">Box: 3, Folder: 16</field>
    <field name="location_si">Box: 3, Folder: 16</field>
    <field name="collection_teim">Plymouth Church of the Pilgrims and Henry Ward Beecher collection</field>
    <field name="collection_unitid_teim">ARC.212</field>
    <field name="series_sim">Series 1: Henry Ward Beecher</field>
    <field name="series_sim">
      Section 3: Sermons, Lectures, and Publications
    </field>
    <field name="series_si">Series 1: Henry Ward Beecher &gt;&gt; 
      Section 3: Sermons, Lectures, and Publications
     &gt;&gt; Sermons (2 bound copies) (September-March) (TJE, printed, 1892).</field>
    <field name="heading_ssm">Sermons (2 bound copies) (September-March) (TJE, printed, 1892).</field>
    <field name="unitdate_start_sim">1882</field>
    <field name="unitdate_start_ssm">1882</field>
    <field name="unitdate_start_si">1882</field>
    <field name="unitdate_end_sim">1883</field>
    <field name="unitdate_end_ssm">1883</field>
    <field name="unitdate_end_si">1883</field>
    <field name="unitdate_ssm">Inclusive, 1882-1883</field>
    <field name="date_range_sim">1801-1900</field>
    <field name="sort_ii">83</field>
  </doc>
</add>
