<?xml version="1.0" encoding="UTF-8"?>
<add>
  <doc>
    <field name="id">ad_mc_030aspace_f11da665aefefdc430a6ca3317d84c32</field>
    <field name="ead_ssi">ad_mc_030</field>
    <field name="parent_ssi">aspace_99e893449cd8b0b7f353724a65c270f3</field>
    <field name="parent_ssm">aspace_99e893449cd8b0b7f353724a65c270f3</field>
    <field name="parent_unittitles_ssm">Postcards</field>
    <field name="parent_unittitles_teim">Postcards</field>
    <field name="component_level_isim">2</field>
    <field name="component_children_bsi">false</field>
    <field name="collection_sim">Hisham Khatib Collection - Prints</field>
    <field name="collection_ssm">Hisham Khatib Collection - Prints</field>
    <field name="collection_unitid_ssm">AD.MC.030</field>
    <field name="level_sim">file</field>
    <field name="unittitle_ssm">A hand-colored postcard of the statue of Ferdinand de Lesseps (Statue de Ferdinand de Lesseps) (no. 337)</field>
    <field name="unittitle_teim">A hand-colored postcard of the statue of Ferdinand de Lesseps (Statue de Ferdinand de Lesseps) (no. 337)</field>
    <field name="unitid_teim">ref620</field>
    <field name="unitid_ssm">ref620</field>
    <field name="unitdate_normal_ssm">1890/1940</field>
    <field name="unitdate_normal_teim">1890/1940</field>
    <field name="unitdate_normal_sim">1890/1940</field>
    <field name="unitdate_bulk_teim">Circa 1890-1940</field>
    <field name="genreform_teim">Postcards</field>
    <field name="genreform_teim">Hand-colored Photographs/Hand-tinting</field>
    <field name="genreform_ssm">Postcards</field>
    <field name="genreform_ssm">Hand-colored Photographs/Hand-tinting</field>
    <field name="geogname_teim">Port Said, Egypt</field>
    <field name="geogname_teim">Mediterranean Sea</field>
    <field name="geogname_ssm">Port Said, Egypt</field>
    <field name="geogname_ssm">Mediterranean Sea</field>
    <field name="persname_teim">Lesseps, Ferdinand de (Marie, Comte), 1805-1894</field>
    <field name="persname_ssm">Lesseps, Ferdinand de (Marie, Comte), 1805-1894</field>
    <field name="subject_teim">Boats/Ships</field>
    <field name="subject_teim">Transportation</field>
    <field name="subject_teim">Seas</field>
    <field name="subject_teim">Monuments/Memorials</field>
    <field name="subject_teim">Statues/Sculptures</field>
    <field name="subject_teim">French Writing</field>
    <field name="subject_teim">Buildings</field>
    <field name="subject_teim">Water</field>
    <field name="subject_teim">Boats/Ships</field>
    <field name="subject_teim">Transportation</field>
    <field name="subject_teim">Seas</field>
    <field name="subject_teim">Monuments/Memorials</field>
    <field name="subject_teim">Statues/Sculptures</field>
    <field name="subject_teim">French Writing</field>
    <field name="subject_teim">Buildings</field>
    <field name="subject_teim">Water</field>
    <field name="subject_ssm">Boats/Ships</field>
    <field name="subject_ssm">Transportation</field>
    <field name="subject_ssm">Seas</field>
    <field name="subject_ssm">Monuments/Memorials</field>
    <field name="subject_ssm">Statues/Sculptures</field>
    <field name="subject_ssm">French Writing</field>
    <field name="subject_ssm">Buildings</field>
    <field name="subject_ssm">Water</field>
    <field name="dao_teim">A hand-colored postcard of the statue of Ferdinand de Lesseps (Statue de Ferdinand de Lesseps) (no. 337): Circa 1890-1940</field>
    <field name="dao_teim">A hand-colored postcard of the statue of Ferdinand de Lesseps (Statue de Ferdinand de Lesseps) (no. 337): Circa 1890-1940</field>
    <field name="dao_ssm">A hand-colored postcard of the statue of Ferdinand de Lesseps (Statue de Ferdinand de Lesseps) (no. 337): Circa 1890-1940</field>
    <field name="dao_ssm">A hand-colored postcard of the statue of Ferdinand de Lesseps (Statue de Ferdinand de Lesseps) (no. 337): Circa 1890-1940</field>
    <field name="ref_ssi">aspace_f11da665aefefdc430a6ca3317d84c32</field>
    <field name="repository_ssi">akkasah</field>
    <field name="repository_sim">akkasah</field>
    <field name="repository_ssm">akkasah</field>
    <field name="format_sim">Archival Object</field>
    <field name="format_ssm">Archival Object</field>
    <field name="location_ssm">object: Digital copy only 030_ref517-ref715</field>
    <field name="location_si">object: Digital copy only 030_ref517-ref715</field>
    <field name="name_sim">Lesseps, Ferdinand de (Marie, Comte), 1805-1894</field>
    <field name="name_teim">Lesseps, Ferdinand de (Marie, Comte), 1805-1894</field>
    <field name="dao_sim">Online Access</field>
    <field name="place_ssm">Port Said, Egypt</field>
    <field name="place_ssm">Mediterranean Sea</field>
    <field name="place_sim">Port Said, Egypt</field>
    <field name="place_sim">Mediterranean Sea</field>
    <field name="subject_sim">Boats/Ships</field>
    <field name="subject_sim">Transportation</field>
    <field name="subject_sim">Seas</field>
    <field name="subject_sim">Monuments/Memorials</field>
    <field name="subject_sim">Statues/Sculptures</field>
    <field name="subject_sim">French Writing</field>
    <field name="subject_sim">Buildings</field>
    <field name="subject_sim">Water</field>
    <field name="collection_teim">Hisham Khatib Collection - Prints</field>
    <field name="collection_unitid_teim">AD.MC.030</field>
    <field name="series_sim">Postcards</field>
    <field name="series_si">Postcards &gt;&gt; A hand-colored postcard of the statue of Ferdinand de Lesseps (Statue de Ferdinand de Lesseps) (no. 337)</field>
    <field name="material_type_sim">Postcards</field>
    <field name="material_type_sim">Hand-colored Photographs/Hand-tinting</field>
    <field name="material_type_ssm">Postcards</field>
    <field name="material_type_ssm">Hand-colored Photographs/Hand-tinting</field>
    <field name="heading_ssm">A hand-colored postcard of the statue of Ferdinand de Lesseps (Statue de Ferdinand de Lesseps) (no. 337)</field>
    <field name="unitdate_start_sim">1890</field>
    <field name="unitdate_start_ssm">1890</field>
    <field name="unitdate_start_si">1890</field>
    <field name="unitdate_end_sim">1940</field>
    <field name="unitdate_end_ssm">1940</field>
    <field name="unitdate_end_si">1940</field>
    <field name="unitdate_ssm">Inclusive,  ; Circa 1890-1940</field>
    <field name="date_range_sim">1801-1900</field>
    <field name="date_range_sim">1901-2000</field>
    <field name="sort_ii">601</field>
  </doc>
</add>
