<?xml version="1.0" encoding="UTF-8"?>
<add>
  <doc>
    <field name="id">ad_mc_030aspace_304f73d2bbe358c8665003c17bc9a31e</field>
    <field name="ead_ssi">ad_mc_030</field>
    <field name="parent_ssi">aspace_3b459e6609aa3a43aa3527bf9f6217d2</field>
    <field name="parent_ssm">aspace_3b459e6609aa3a43aa3527bf9f6217d2</field>
    <field name="parent_unittitles_ssm">Lehnert and Landrock, Tunis </field>
    <field name="parent_unittitles_teim">Lehnert and Landrock, Tunis </field>
    <field name="component_level_isim">2</field>
    <field name="component_children_bsi">false</field>
    <field name="collection_sim">Hisham Khatib Collection - Prints</field>
    <field name="collection_ssm">Hisham Khatib Collection - Prints</field>
    <field name="collection_unitid_ssm">AD.MC.030</field>
    <field name="level_sim">file</field>
    <field name="unittitle_ssm">A man playing the flute with a flock of sheep (no. 901)</field>
    <field name="unittitle_teim">A man playing the flute with a flock of sheep (no. 901)</field>
    <field name="unitid_teim">ref285</field>
    <field name="unitid_ssm">ref285</field>
    <field name="creator_teim">Lehnert &amp; Landrock</field>
    <field name="creator_ssm">Lehnert &amp; Landrock</field>
    <field name="creator_ssm">Lehnert &amp; Landrock</field>
    <field name="unitdate_normal_ssm">1900/1920</field>
    <field name="unitdate_normal_teim">1900/1920</field>
    <field name="unitdate_normal_sim">1900/1920</field>
    <field name="unitdate_inclusive_teim">Circa 1910s</field>
    <field name="corpname_teim">Lehnert &amp; Landrock</field>
    <field name="corpname_ssm">Lehnert &amp; Landrock</field>
    <field name="genreform_teim">Photographic Prints</field>
    <field name="genreform_teim">Gelatin Silver Prints</field>
    <field name="genreform_ssm">Photographic Prints</field>
    <field name="genreform_ssm">Gelatin Silver Prints</field>
    <field name="geogname_teim">Tunis, Tunisia</field>
    <field name="geogname_ssm">Tunis, Tunisia</field>
    <field name="subject_teim">Sheep</field>
    <field name="subject_teim">Bedouins</field>
    <field name="subject_teim">Musical Instruments</field>
    <field name="subject_teim">Palm Trees</field>
    <field name="subject_teim">Men</field>
    <field name="subject_teim">Animals</field>
    <field name="subject_teim">Outdoors</field>
    <field name="subject_teim">Individual Portraits</field>
    <field name="subject_teim">Sheep</field>
    <field name="subject_teim">Bedouins</field>
    <field name="subject_teim">Musical Instruments</field>
    <field name="subject_teim">Palm Trees</field>
    <field name="subject_teim">Men</field>
    <field name="subject_teim">Animals</field>
    <field name="subject_teim">Outdoors</field>
    <field name="subject_teim">Individual Portraits</field>
    <field name="subject_ssm">Sheep</field>
    <field name="subject_ssm">Bedouins</field>
    <field name="subject_ssm">Musical Instruments</field>
    <field name="subject_ssm">Palm Trees</field>
    <field name="subject_ssm">Men</field>
    <field name="subject_ssm">Animals</field>
    <field name="subject_ssm">Outdoors</field>
    <field name="subject_ssm">Individual Portraits</field>
    <field name="dao_teim">A man playing the flute with a flock of sheep (no. 901): Circa 1910s</field>
    <field name="dao_teim">A man playing the flute with a flock of sheep (no. 901): Circa 1910s</field>
    <field name="dao_ssm">A man playing the flute with a flock of sheep (no. 901): Circa 1910s</field>
    <field name="dao_ssm">A man playing the flute with a flock of sheep (no. 901): Circa 1910s</field>
    <field name="ref_ssi">aspace_304f73d2bbe358c8665003c17bc9a31e</field>
    <field name="repository_ssi">akkasah</field>
    <field name="repository_sim">akkasah</field>
    <field name="repository_ssm">akkasah</field>
    <field name="format_sim">Archival Object</field>
    <field name="format_ssm">Archival Object</field>
    <field name="location_ssm">object: Digital copy only: ref194-ref229</field>
    <field name="location_si">object: Digital copy only: ref194-ref229</field>
    <field name="creator_sim">Lehnert &amp; Landrock</field>
    <field name="name_sim">Lehnert &amp; Landrock</field>
    <field name="name_teim">Lehnert &amp; Landrock</field>
    <field name="dao_sim">Online Access</field>
    <field name="place_ssm">Tunis, Tunisia</field>
    <field name="place_sim">Tunis, Tunisia</field>
    <field name="subject_sim">Sheep</field>
    <field name="subject_sim">Bedouins</field>
    <field name="subject_sim">Musical Instruments</field>
    <field name="subject_sim">Palm Trees</field>
    <field name="subject_sim">Men</field>
    <field name="subject_sim">Animals</field>
    <field name="subject_sim">Outdoors</field>
    <field name="subject_sim">Individual Portraits</field>
    <field name="collection_teim">Hisham Khatib Collection - Prints</field>
    <field name="collection_unitid_teim">AD.MC.030</field>
    <field name="series_sim">Lehnert and Landrock, Tunis </field>
    <field name="series_si">Lehnert and Landrock, Tunis  &gt;&gt; A man playing the flute with a flock of sheep (no. 901)</field>
    <field name="material_type_sim">Photographic Prints</field>
    <field name="material_type_sim">Gelatin Silver Prints</field>
    <field name="material_type_ssm">Photographic Prints</field>
    <field name="material_type_ssm">Gelatin Silver Prints</field>
    <field name="heading_ssm">A man playing the flute with a flock of sheep (no. 901)</field>
    <field name="unitdate_start_sim">1900</field>
    <field name="unitdate_start_ssm">1900</field>
    <field name="unitdate_start_si">1900</field>
    <field name="unitdate_end_sim">1920</field>
    <field name="unitdate_end_ssm">1920</field>
    <field name="unitdate_end_si">1920</field>
    <field name="unitdate_ssm">Inclusive, Circa 1910s</field>
    <field name="date_range_sim">1801-1900</field>
    <field name="date_range_sim">1901-2000</field>
    <field name="sort_ii">272</field>
  </doc>
</add>
