<?xml version="1.0" encoding="UTF-8"?>
<add>
  <doc>
    <field name="id">ad_mc_030aspace_205e16c9eac3bbc9231425dbb595432f</field>
    <field name="ead_ssi">ad_mc_030</field>
    <field name="parent_ssi">aspace_33d78b1f133cc15f5805e246a4b393ac</field>
    <field name="parent_ssm">aspace_33d78b1f133cc15f5805e246a4b393ac</field>
    <field name="parent_unittitles_ssm">Egypt - Zangaki, Arnoux and Sebah</field>
    <field name="parent_unittitles_teim">Egypt - Zangaki, Arnoux and Sebah</field>
    <field name="component_level_isim">2</field>
    <field name="component_children_bsi">false</field>
    <field name="collection_sim">Hisham Khatib Collection - Prints</field>
    <field name="collection_ssm">Hisham Khatib Collection - Prints</field>
    <field name="collection_unitid_ssm">AD.MC.030</field>
    <field name="level_sim">file</field>
    <field name="unittitle_ssm">Intérieur de l'Eglise Cophte Ste Marie, au Vieux Cairo, 733 (Interior of the Hanging Church, Cairo).</field>
    <field name="unittitle_teim">Intérieur de l'Eglise Cophte Ste Marie, au Vieux Cairo, 733 (Interior of the Hanging Church, Cairo).</field>
    <field name="unitid_teim">ref471</field>
    <field name="unitid_ssm">ref471</field>
    <field name="creator_teim">Arnoux, Hippolyte (Circa 1860-1890)</field>
    <field name="creator_ssm">Arnoux, Hippolyte (Circa 1860-1890)</field>
    <field name="creator_ssm">Arnoux, Hippolyte (Circa 1860-1890)</field>
    <field name="unitdate_normal_ssm">1860/1890</field>
    <field name="unitdate_normal_teim">1860/1890</field>
    <field name="unitdate_normal_sim">1860/1890</field>
    <field name="unitdate_bulk_teim">Circa 1860-90</field>
    <field name="corpname_teim">Arnoux, Hippolyte (Circa 1860-1890)</field>
    <field name="corpname_ssm">Arnoux, Hippolyte (Circa 1860-1890)</field>
    <field name="genreform_teim">Albumen Prints</field>
    <field name="genreform_teim">Photographic Prints</field>
    <field name="genreform_ssm">Albumen Prints</field>
    <field name="genreform_ssm">Photographic Prints</field>
    <field name="geogname_teim">Cairo, Egypt</field>
    <field name="geogname_ssm">Cairo, Egypt</field>
    <field name="subject_teim">French Writing</field>
    <field name="subject_teim">Religious Sites</field>
    <field name="subject_teim">Churches</field>
    <field name="subject_teim">Carpets/Rugs</field>
    <field name="subject_teim">Chandeliers </field>
    <field name="subject_teim">Saint Virgin Mary's Coptic Orthodox Church (Hanging Church)</field>
    <field name="subject_teim">Architecture</field>
    <field name="subject_teim">French Writing</field>
    <field name="subject_teim">Religious Sites</field>
    <field name="subject_teim">Churches</field>
    <field name="subject_teim">Carpets/Rugs</field>
    <field name="subject_teim">Chandeliers </field>
    <field name="subject_teim">Saint Virgin Mary's Coptic Orthodox Church (Hanging Church)</field>
    <field name="subject_teim">Architecture</field>
    <field name="subject_ssm">French Writing</field>
    <field name="subject_ssm">Religious Sites</field>
    <field name="subject_ssm">Churches</field>
    <field name="subject_ssm">Carpets/Rugs</field>
    <field name="subject_ssm">Chandeliers </field>
    <field name="subject_ssm">Saint Virgin Mary's Coptic Orthodox Church (Hanging Church)</field>
    <field name="subject_ssm">Architecture</field>
    <field name="dao_teim">Intérieur de l'Eglise Cophte Ste Marie, au Vieux Cairo, 733 (Interior of the Hanging Church, Cairo).: Circa 1860-90</field>
    <field name="dao_teim">Intérieur de l'Eglise Cophte Ste Marie, au Vieux Cairo, 733 (Interior of the Hanging Church, Cairo).: Circa 1860-90</field>
    <field name="dao_ssm">Intérieur de l'Eglise Cophte Ste Marie, au Vieux Cairo, 733 (Interior of the Hanging Church, Cairo).: Circa 1860-90</field>
    <field name="dao_ssm">Intérieur de l'Eglise Cophte Ste Marie, au Vieux Cairo, 733 (Interior of the Hanging Church, Cairo).: Circa 1860-90</field>
    <field name="ref_ssi">aspace_205e16c9eac3bbc9231425dbb595432f</field>
    <field name="repository_ssi">akkasah</field>
    <field name="repository_sim">akkasah</field>
    <field name="repository_ssm">akkasah</field>
    <field name="format_sim">Archival Object</field>
    <field name="format_ssm">Archival Object</field>
    <field name="location_ssm">object: Digital copy only - 030_ref446-483</field>
    <field name="location_si">object: Digital copy only - 030_ref446-483</field>
    <field name="creator_sim">Arnoux, Hippolyte (Circa 1860-1890)</field>
    <field name="name_sim">Arnoux, Hippolyte (Circa 1860-1890)</field>
    <field name="name_teim">Arnoux, Hippolyte (Circa 1860-1890)</field>
    <field name="dao_sim">Online Access</field>
    <field name="place_ssm">Cairo, Egypt</field>
    <field name="place_sim">Cairo, Egypt</field>
    <field name="subject_sim">French Writing</field>
    <field name="subject_sim">Religious Sites</field>
    <field name="subject_sim">Churches</field>
    <field name="subject_sim">Carpets/Rugs</field>
    <field name="subject_sim">Chandeliers </field>
    <field name="subject_sim">Saint Virgin Mary's Coptic Orthodox Church (Hanging Church)</field>
    <field name="subject_sim">Architecture</field>
    <field name="collection_teim">Hisham Khatib Collection - Prints</field>
    <field name="collection_unitid_teim">AD.MC.030</field>
    <field name="series_sim">Egypt - Zangaki, Arnoux and Sebah</field>
    <field name="series_si">Egypt - Zangaki, Arnoux and Sebah &gt;&gt; Intérieur de l'Eglise Cophte Ste Marie, au Vieux Cairo, 733 (Interior of the Hanging Church, Cairo).</field>
    <field name="material_type_sim">Albumen Prints</field>
    <field name="material_type_sim">Photographic Prints</field>
    <field name="material_type_ssm">Albumen Prints</field>
    <field name="material_type_ssm">Photographic Prints</field>
    <field name="heading_ssm">Intérieur de l'Eglise Cophte Ste Marie, au Vieux Cairo, 733 (Interior of the Hanging Church, Cairo).</field>
    <field name="unitdate_start_sim">1860</field>
    <field name="unitdate_start_ssm">1860</field>
    <field name="unitdate_start_si">1860</field>
    <field name="unitdate_end_sim">1890</field>
    <field name="unitdate_end_ssm">1890</field>
    <field name="unitdate_end_si">1890</field>
    <field name="unitdate_ssm">Inclusive,  ; Circa 1860-90</field>
    <field name="date_range_sim">1801-1900</field>
    <field name="sort_ii">461</field>
  </doc>
</add>
