<?xml version="1.0" encoding="UTF-8"?>
<add>
  <doc>
    <field name="id">ad_mc_030aspace_385d07acdb51ffc3c3164dddce5a6766</field>
    <field name="ead_ssi">ad_mc_030</field>
    <field name="parent_ssi">aspace_d772c2f4fa817f18319d17a5d88ac8c4</field>
    <field name="parent_ssm">aspace_d772c2f4fa817f18319d17a5d88ac8c4</field>
    <field name="parent_unittitles_ssm">Stereographs from Palestine and Egypt</field>
    <field name="parent_unittitles_teim">Stereographs from Palestine and Egypt</field>
    <field name="component_level_isim">2</field>
    <field name="component_children_bsi">false</field>
    <field name="collection_sim">Hisham Khatib Collection - Prints</field>
    <field name="collection_ssm">Hisham Khatib Collection - Prints</field>
    <field name="collection_unitid_ssm">AD.MC.030</field>
    <field name="level_sim">file</field>
    <field name="unittitle_ssm">A stereograph of columns of a Pharaonic temple.</field>
    <field name="unittitle_teim">A stereograph of columns of a Pharaonic temple.</field>
    <field name="unitid_teim">ref502</field>
    <field name="unitid_ssm">ref502</field>
    <field name="unitdate_normal_ssm">1880/1910</field>
    <field name="unitdate_normal_teim">1880/1910</field>
    <field name="unitdate_normal_sim">1880/1910</field>
    <field name="unitdate_bulk_teim">Circa 1880-1910</field>
    <field name="genreform_teim">Photographic Prints</field>
    <field name="genreform_teim">Albumen Prints</field>
    <field name="genreform_teim">Stereographs</field>
    <field name="genreform_ssm">Photographic Prints</field>
    <field name="genreform_ssm">Albumen Prints</field>
    <field name="genreform_ssm">Stereographs</field>
    <field name="geogname_teim">Egypt</field>
    <field name="geogname_ssm">Egypt</field>
    <field name="subject_teim">Architecture</field>
    <field name="subject_teim">Buildings</field>
    <field name="subject_teim">Temples</field>
    <field name="subject_teim">Religious Sites</field>
    <field name="subject_teim">Archaeological Sites/Artifacts</field>
    <field name="subject_teim">Architecture</field>
    <field name="subject_teim">Buildings</field>
    <field name="subject_teim">Temples</field>
    <field name="subject_teim">Religious Sites</field>
    <field name="subject_teim">Archaeological Sites/Artifacts</field>
    <field name="subject_ssm">Architecture</field>
    <field name="subject_ssm">Buildings</field>
    <field name="subject_ssm">Temples</field>
    <field name="subject_ssm">Religious Sites</field>
    <field name="subject_ssm">Archaeological Sites/Artifacts</field>
    <field name="dao_teim">A stereograph of columns of a Pharaonic temple.: Circa 1880-1910</field>
    <field name="dao_teim">A stereograph of columns of a Pharaonic temple.: Circa 1880-1910</field>
    <field name="dao_ssm">A stereograph of columns of a Pharaonic temple.: Circa 1880-1910</field>
    <field name="dao_ssm">A stereograph of columns of a Pharaonic temple.: Circa 1880-1910</field>
    <field name="ref_ssi">aspace_385d07acdb51ffc3c3164dddce5a6766</field>
    <field name="repository_ssi">akkasah</field>
    <field name="repository_sim">akkasah</field>
    <field name="repository_ssm">akkasah</field>
    <field name="format_sim">Archival Object</field>
    <field name="format_ssm">Archival Object</field>
    <field name="location_ssm">object: Digital copy only: 030_ref154-ref193</field>
    <field name="location_si">object: Digital copy only: 030_ref154-ref193</field>
    <field name="dao_sim">Online Access</field>
    <field name="place_ssm">Egypt</field>
    <field name="place_sim">Egypt</field>
    <field name="subject_sim">Architecture</field>
    <field name="subject_sim">Buildings</field>
    <field name="subject_sim">Temples</field>
    <field name="subject_sim">Religious Sites</field>
    <field name="subject_sim">Archaeological Sites/Artifacts</field>
    <field name="collection_teim">Hisham Khatib Collection - Prints</field>
    <field name="collection_unitid_teim">AD.MC.030</field>
    <field name="series_sim">Stereographs from Palestine and Egypt</field>
    <field name="series_si">Stereographs from Palestine and Egypt &gt;&gt; A stereograph of columns of a Pharaonic temple.</field>
    <field name="material_type_sim">Photographic Prints</field>
    <field name="material_type_sim">Albumen Prints</field>
    <field name="material_type_sim">Stereographs</field>
    <field name="material_type_ssm">Photographic Prints</field>
    <field name="material_type_ssm">Albumen Prints</field>
    <field name="material_type_ssm">Stereographs</field>
    <field name="heading_ssm">A stereograph of columns of a Pharaonic temple.</field>
    <field name="unitdate_start_sim">1880</field>
    <field name="unitdate_start_ssm">1880</field>
    <field name="unitdate_start_si">1880</field>
    <field name="unitdate_end_sim">1910</field>
    <field name="unitdate_end_ssm">1910</field>
    <field name="unitdate_end_si">1910</field>
    <field name="unitdate_ssm">Inclusive,  ; Circa 1880-1910</field>
    <field name="date_range_sim">1801-1900</field>
    <field name="date_range_sim">1901-2000</field>
    <field name="sort_ii">493</field>
  </doc>
</add>
