<?xml version="1.0" encoding="UTF-8"?>
<add>
  <doc>
    <field name="id">ad_mc_030aspace_ea6e4305e684f935dda425e71427fbb7</field>
    <field name="ead_ssi">ad_mc_030</field>
    <field name="parent_ssi">aspace_0e29786375cfb6a9dae7d6691cd3c63d</field>
    <field name="parent_ssm">aspace_0e29786375cfb6a9dae7d6691cd3c63d</field>
    <field name="parent_unittitles_ssm">Prints from Africa and Asia/various ephemera</field>
    <field name="parent_unittitles_teim">Prints from Africa and Asia/various ephemera</field>
    <field name="component_level_isim">2</field>
    <field name="component_children_bsi">false</field>
    <field name="collection_sim">Hisham Khatib Collection - Prints</field>
    <field name="collection_ssm">Hisham Khatib Collection - Prints</field>
    <field name="collection_unitid_ssm">AD.MC.030</field>
    <field name="level_sim">file</field>
    <field name="unittitle_ssm">Group portrait of six men</field>
    <field name="unittitle_teim">Group portrait of six men</field>
    <field name="unitid_teim">ref260</field>
    <field name="unitid_ssm">ref260</field>
    <field name="unitdate_normal_ssm">1880/1920</field>
    <field name="unitdate_normal_teim">1880/1920</field>
    <field name="unitdate_normal_sim">1880/1920</field>
    <field name="unitdate_inclusive_teim">Circa 1880 - 1920</field>
    <field name="genreform_teim">Photographic Prints</field>
    <field name="genreform_teim">Albumen Prints</field>
    <field name="genreform_ssm">Photographic Prints</field>
    <field name="genreform_ssm">Albumen Prints</field>
    <field name="geogname_teim">Unknown Locations</field>
    <field name="geogname_ssm">Unknown Locations</field>
    <field name="subject_teim">Group Portraits</field>
    <field name="subject_teim">Regional/National Dress</field>
    <field name="subject_teim">Men</field>
    <field name="subject_teim">Turbans</field>
    <field name="subject_teim">Group Portraits</field>
    <field name="subject_teim">Regional/National Dress</field>
    <field name="subject_teim">Men</field>
    <field name="subject_teim">Turbans</field>
    <field name="subject_ssm">Group Portraits</field>
    <field name="subject_ssm">Regional/National Dress</field>
    <field name="subject_ssm">Men</field>
    <field name="subject_ssm">Turbans</field>
    <field name="dao_teim">Group portrait of six men: Circa 1880 - 1920</field>
    <field name="dao_teim">Group portrait of six men: Circa 1880 - 1920</field>
    <field name="dao_ssm">Group portrait of six men: Circa 1880 - 1920</field>
    <field name="dao_ssm">Group portrait of six men: Circa 1880 - 1920</field>
    <field name="ref_ssi">aspace_ea6e4305e684f935dda425e71427fbb7</field>
    <field name="repository_ssi">akkasah</field>
    <field name="repository_sim">akkasah</field>
    <field name="repository_ssm">akkasah</field>
    <field name="format_sim">Archival Object</field>
    <field name="format_ssm">Archival Object</field>
    <field name="location_ssm">object: Digital copy only: ref194-ref229</field>
    <field name="location_si">object: Digital copy only: ref194-ref229</field>
    <field name="dao_sim">Online Access</field>
    <field name="place_ssm">Unknown Locations</field>
    <field name="place_sim">Unknown Locations</field>
    <field name="subject_sim">Group Portraits</field>
    <field name="subject_sim">Regional/National Dress</field>
    <field name="subject_sim">Men</field>
    <field name="subject_sim">Turbans</field>
    <field name="collection_teim">Hisham Khatib Collection - Prints</field>
    <field name="collection_unitid_teim">AD.MC.030</field>
    <field name="series_sim">Prints from Africa and Asia/various ephemera</field>
    <field name="series_si">Prints from Africa and Asia/various ephemera &gt;&gt; Group portrait of six men</field>
    <field name="material_type_sim">Photographic Prints</field>
    <field name="material_type_sim">Albumen Prints</field>
    <field name="material_type_ssm">Photographic Prints</field>
    <field name="material_type_ssm">Albumen Prints</field>
    <field name="heading_ssm">Group portrait of six men</field>
    <field name="unitdate_start_sim">1880</field>
    <field name="unitdate_start_ssm">1880</field>
    <field name="unitdate_start_si">1880</field>
    <field name="unitdate_end_sim">1920</field>
    <field name="unitdate_end_ssm">1920</field>
    <field name="unitdate_end_si">1920</field>
    <field name="unitdate_ssm">Inclusive, Circa 1880 - 1920</field>
    <field name="date_range_sim">1801-1900</field>
    <field name="date_range_sim">1901-2000</field>
    <field name="sort_ii">253</field>
  </doc>
</add>
