<?xml version="1.0" encoding="UTF-8"?>
<add>
  <doc>
    <field name="id">ad_mc_030aspace_39d64d7fead3a2fed4f4526445a61e73</field>
    <field name="ead_ssi">ad_mc_030</field>
    <field name="parent_ssi">aspace_abf586c5db9059b23c7ba2a1523497fe</field>
    <field name="parent_ssm">aspace_abf586c5db9059b23c7ba2a1523497fe</field>
    <field name="parent_unittitles_ssm">Bethlehem, Jerusalem and Ramleh</field>
    <field name="parent_unittitles_teim">Bethlehem, Jerusalem and Ramleh</field>
    <field name="component_level_isim">2</field>
    <field name="component_children_bsi">false</field>
    <field name="collection_sim">Hisham Khatib Collection - Prints</field>
    <field name="collection_ssm">Hisham Khatib Collection - Prints</field>
    <field name="collection_unitid_ssm">AD.MC.030</field>
    <field name="level_sim">file</field>
    <field name="unittitle_ssm">No.326 Jardin du roi, Rois XX-4, vallée de Gehenne, Jerusalem, Palestine (A view of Gehenna).</field>
    <field name="unittitle_teim">No.326 Jardin du roi, Rois XX-4, vallée de Gehenne, Jerusalem, Palestine (A view of Gehenna).</field>
    <field name="unitid_teim">ref787</field>
    <field name="unitid_ssm">ref787</field>
    <field name="creator_teim">Bonfils, Felix</field>
    <field name="creator_ssm">Bonfils, Felix</field>
    <field name="creator_ssm">Bonfils, Felix</field>
    <field name="unitdate_normal_ssm">1870/1885</field>
    <field name="unitdate_normal_teim">1870/1885</field>
    <field name="unitdate_normal_sim">1870/1885</field>
    <field name="unitdate_inclusive_teim">Circa 1870 - 1880</field>
    <field name="genreform_teim">Albumen Prints</field>
    <field name="genreform_teim">Photographic Prints</field>
    <field name="genreform_ssm">Albumen Prints</field>
    <field name="genreform_ssm">Photographic Prints</field>
    <field name="geogname_teim">Gehenna/Valley of Hinnom</field>
    <field name="geogname_teim">Jerusalem</field>
    <field name="geogname_teim">Palestine</field>
    <field name="geogname_ssm">Gehenna/Valley of Hinnom</field>
    <field name="geogname_ssm">Jerusalem</field>
    <field name="geogname_ssm">Palestine</field>
    <field name="persname_teim">Bonfils, Felix</field>
    <field name="persname_ssm">Bonfils, Felix</field>
    <field name="subject_teim">Landscapes</field>
    <field name="subject_teim">Religious Sites</field>
    <field name="subject_teim">French Writing</field>
    <field name="subject_teim">Dome of the Rock/Qubbat al-Sakhrah</field>
    <field name="subject_teim">Temple Mount/al-Ḥaram al-Šarīf</field>
    <field name="subject_teim">Mountains/Hills</field>
    <field name="subject_teim">Landscapes</field>
    <field name="subject_teim">Religious Sites</field>
    <field name="subject_teim">French Writing</field>
    <field name="subject_teim">Dome of the Rock/Qubbat al-Sakhrah</field>
    <field name="subject_teim">Temple Mount/al-Ḥaram al-Šarīf</field>
    <field name="subject_teim">Mountains/Hills</field>
    <field name="subject_ssm">Landscapes</field>
    <field name="subject_ssm">Religious Sites</field>
    <field name="subject_ssm">French Writing</field>
    <field name="subject_ssm">Dome of the Rock/Qubbat al-Sakhrah</field>
    <field name="subject_ssm">Temple Mount/al-Ḥaram al-Šarīf</field>
    <field name="subject_ssm">Mountains/Hills</field>
    <field name="dao_teim">No.326 Jardin du roi, Rois XX-4, vallée de Gehenne, Jerusalem, Palestine (A view of Gehenna).: Circa 1870 - 1880</field>
    <field name="dao_teim">No.326 Jardin du roi, Rois XX-4, vallée de Gehenne, Jerusalem, Palestine (A view of Gehenna).: Circa 1870 - 1880</field>
    <field name="dao_ssm">No.326 Jardin du roi, Rois XX-4, vallée de Gehenne, Jerusalem, Palestine (A view of Gehenna).: Circa 1870 - 1880</field>
    <field name="dao_ssm">No.326 Jardin du roi, Rois XX-4, vallée de Gehenne, Jerusalem, Palestine (A view of Gehenna).: Circa 1870 - 1880</field>
    <field name="ref_ssi">aspace_39d64d7fead3a2fed4f4526445a61e73</field>
    <field name="repository_ssi">akkasah</field>
    <field name="repository_sim">akkasah</field>
    <field name="repository_ssm">akkasah</field>
    <field name="format_sim">Archival Object</field>
    <field name="format_ssm">Archival Object</field>
    <field name="location_ssm">object: Digital copy only: 030_ref154-ref193</field>
    <field name="location_si">object: Digital copy only: 030_ref154-ref193</field>
    <field name="creator_sim">Bonfils, Felix</field>
    <field name="name_sim">Bonfils, Felix</field>
    <field name="name_teim">Bonfils, Felix</field>
    <field name="dao_sim">Online Access</field>
    <field name="place_ssm">Gehenna/Valley of Hinnom</field>
    <field name="place_ssm">Jerusalem</field>
    <field name="place_ssm">Palestine</field>
    <field name="place_sim">Gehenna/Valley of Hinnom</field>
    <field name="place_sim">Jerusalem</field>
    <field name="place_sim">Palestine</field>
    <field name="subject_sim">Landscapes</field>
    <field name="subject_sim">Religious Sites</field>
    <field name="subject_sim">French Writing</field>
    <field name="subject_sim">Dome of the Rock/Qubbat al-Sakhrah</field>
    <field name="subject_sim">Temple Mount/al-Ḥaram al-Šarīf</field>
    <field name="subject_sim">Mountains/Hills</field>
    <field name="collection_teim">Hisham Khatib Collection - Prints</field>
    <field name="collection_unitid_teim">AD.MC.030</field>
    <field name="series_sim">Bethlehem, Jerusalem and Ramleh</field>
    <field name="series_si">Bethlehem, Jerusalem and Ramleh &gt;&gt; No.326 Jardin du roi, Rois XX-4, vallée de Gehenne, Jerusalem, Palestine (A view of Gehenna).</field>
    <field name="material_type_sim">Albumen Prints</field>
    <field name="material_type_sim">Photographic Prints</field>
    <field name="material_type_ssm">Albumen Prints</field>
    <field name="material_type_ssm">Photographic Prints</field>
    <field name="heading_ssm">No.326 Jardin du roi, Rois XX-4, vallée de Gehenne, Jerusalem, Palestine (A view of Gehenna).</field>
    <field name="unitdate_start_sim">1870</field>
    <field name="unitdate_start_ssm">1870</field>
    <field name="unitdate_start_si">1870</field>
    <field name="unitdate_end_sim">1885</field>
    <field name="unitdate_end_ssm">1885</field>
    <field name="unitdate_end_si">1885</field>
    <field name="unitdate_ssm">Inclusive, Circa 1870 - 1880</field>
    <field name="date_range_sim">1801-1900</field>
    <field name="language_sim">French</field>
    <field name="language_ssm">French</field>
    <field name="sort_ii">184</field>
  </doc>
</add>
