<?xml version="1.0" encoding="UTF-8"?>
<add>
  <doc>
    <field name="id">ad_mc_030aspace_1562976c50959ce2ff52f80a56ca7790</field>
    <field name="ead_ssi">ad_mc_030</field>
    <field name="parent_ssi">aspace_c7bb59793fd0c8995ab7ce4c92c20c27</field>
    <field name="parent_ssm">aspace_c7bb59793fd0c8995ab7ce4c92c20c27</field>
    <field name="parent_unittitles_ssm">Palestine, Damascus and Lebanon - Bonfils</field>
    <field name="parent_unittitles_teim">Palestine, Damascus and Lebanon - Bonfils</field>
    <field name="component_level_isim">2</field>
    <field name="component_children_bsi">false</field>
    <field name="collection_sim">Hisham Khatib Collection - Prints</field>
    <field name="collection_ssm">Hisham Khatib Collection - Prints</field>
    <field name="collection_unitid_ssm">AD.MC.030</field>
    <field name="level_sim">file</field>
    <field name="unittitle_ssm">Lebanon cedars covered in snow in the forest. </field>
    <field name="unittitle_teim">Lebanon cedars covered in snow in the forest. </field>
    <field name="unitid_teim">ref386</field>
    <field name="unitid_ssm">ref386</field>
    <field name="unitdate_normal_ssm">1867/1880</field>
    <field name="unitdate_normal_teim">1867/1880</field>
    <field name="unitdate_normal_sim">1867/1880</field>
    <field name="unitdate_bulk_teim">Circa 1867-1880</field>
    <field name="genreform_teim">Photographic Prints</field>
    <field name="genreform_teim">Albumen Prints</field>
    <field name="genreform_ssm">Photographic Prints</field>
    <field name="genreform_ssm">Albumen Prints</field>
    <field name="subject_teim">Landscapes</field>
    <field name="subject_teim">Forest/Woodlands</field>
    <field name="subject_teim">Snow</field>
    <field name="subject_teim">English Writing</field>
    <field name="subject_teim">Landscapes</field>
    <field name="subject_teim">Forest/Woodlands</field>
    <field name="subject_teim">Snow</field>
    <field name="subject_teim">English Writing</field>
    <field name="subject_ssm">Landscapes</field>
    <field name="subject_ssm">Forest/Woodlands</field>
    <field name="subject_ssm">Snow</field>
    <field name="subject_ssm">English Writing</field>
    <field name="dao_teim">Lebanon cedars covered in snow in the forest. : Circa 1867-1880</field>
    <field name="dao_teim">Lebanon cedars covered in snow in the forest. : Circa 1867-1880</field>
    <field name="dao_ssm">Lebanon cedars covered in snow in the forest. : Circa 1867-1880</field>
    <field name="dao_ssm">Lebanon cedars covered in snow in the forest. : Circa 1867-1880</field>
    <field name="ref_ssi">aspace_1562976c50959ce2ff52f80a56ca7790</field>
    <field name="repository_ssi">akkasah</field>
    <field name="repository_sim">akkasah</field>
    <field name="repository_ssm">akkasah</field>
    <field name="format_sim">Archival Object</field>
    <field name="format_ssm">Archival Object</field>
    <field name="location_ssm">object: Digital Copy Only - 030_ref376-317</field>
    <field name="location_si">object: Digital Copy Only - 030_ref376-317</field>
    <field name="dao_sim">Online Access</field>
    <field name="subject_sim">Landscapes</field>
    <field name="subject_sim">Forest/Woodlands</field>
    <field name="subject_sim">Snow</field>
    <field name="subject_sim">English Writing</field>
    <field name="collection_teim">Hisham Khatib Collection - Prints</field>
    <field name="collection_unitid_teim">AD.MC.030</field>
    <field name="series_sim">Palestine, Damascus and Lebanon - Bonfils</field>
    <field name="series_si">Palestine, Damascus and Lebanon - Bonfils &gt;&gt; Lebanon cedars covered in snow in the forest. </field>
    <field name="material_type_sim">Photographic Prints</field>
    <field name="material_type_sim">Albumen Prints</field>
    <field name="material_type_ssm">Photographic Prints</field>
    <field name="material_type_ssm">Albumen Prints</field>
    <field name="heading_ssm">Lebanon cedars covered in snow in the forest. </field>
    <field name="unitdate_start_sim">1867</field>
    <field name="unitdate_start_ssm">1867</field>
    <field name="unitdate_start_si">1867</field>
    <field name="unitdate_end_sim">1880</field>
    <field name="unitdate_end_ssm">1880</field>
    <field name="unitdate_end_si">1880</field>
    <field name="unitdate_ssm">Inclusive,  ; Circa 1867-1880</field>
    <field name="date_range_sim">1801-1900</field>
    <field name="sort_ii">374</field>
  </doc>
</add>
