<?xml version="1.0" encoding="UTF-8"?>
<add>
  <doc>
    <field name="id">ad_mc_030aspace_f21edefa574260e7322e20b51fb43ca7</field>
    <field name="ead_ssi">ad_mc_030</field>
    <field name="parent_ssi">aspace_54c244d8c96e974c838953dee83e935e</field>
    <field name="parent_ssm">aspace_54c244d8c96e974c838953dee83e935e</field>
    <field name="parent_unittitles_ssm">Algeria, Yemen and Africa</field>
    <field name="parent_unittitles_teim">Algeria, Yemen and Africa</field>
    <field name="component_level_isim">2</field>
    <field name="component_children_bsi">false</field>
    <field name="collection_sim">Hisham Khatib Collection - Prints</field>
    <field name="collection_ssm">Hisham Khatib Collection - Prints</field>
    <field name="collection_unitid_ssm">AD.MC.030</field>
    <field name="level_sim">file</field>
    <field name="unittitle_ssm">A view of tanks in No. 11 Aden with mountains in the background</field>
    <field name="unittitle_teim">A view of tanks in No. 11 Aden with mountains in the background</field>
    <field name="unitid_teim">ref241</field>
    <field name="unitid_ssm">ref241</field>
    <field name="unitdate_normal_ssm">1870/1900</field>
    <field name="unitdate_normal_teim">1870/1900</field>
    <field name="unitdate_normal_sim">1870/1900</field>
    <field name="unitdate_inclusive_teim">Circa 1870 - 1900</field>
    <field name="genreform_teim">Photographic Prints</field>
    <field name="genreform_teim">Albumen Prints</field>
    <field name="genreform_ssm">Photographic Prints</field>
    <field name="genreform_ssm">Albumen Prints</field>
    <field name="geogname_teim">Aden, Yemen</field>
    <field name="geogname_ssm">Aden, Yemen</field>
    <field name="subject_teim">Mountains/Hills</field>
    <field name="subject_teim">Construction</field>
    <field name="subject_teim">Men</field>
    <field name="subject_teim">Outdoors</field>
    <field name="subject_teim">Horses</field>
    <field name="subject_teim">Animals</field>
    <field name="subject_teim">Landscapes</field>
    <field name="subject_teim">Mountains/Hills</field>
    <field name="subject_teim">Construction</field>
    <field name="subject_teim">Men</field>
    <field name="subject_teim">Outdoors</field>
    <field name="subject_teim">Horses</field>
    <field name="subject_teim">Animals</field>
    <field name="subject_teim">Landscapes</field>
    <field name="subject_ssm">Mountains/Hills</field>
    <field name="subject_ssm">Construction</field>
    <field name="subject_ssm">Men</field>
    <field name="subject_ssm">Outdoors</field>
    <field name="subject_ssm">Horses</field>
    <field name="subject_ssm">Animals</field>
    <field name="subject_ssm">Landscapes</field>
    <field name="dao_teim">A view of tanks in No. 11 Aden with mountains in the background: Circa 1870 - 1900</field>
    <field name="dao_teim">A view of tanks in No. 11 Aden with mountains in the background: Circa 1870 - 1900</field>
    <field name="dao_ssm">A view of tanks in No. 11 Aden with mountains in the background: Circa 1870 - 1900</field>
    <field name="dao_ssm">A view of tanks in No. 11 Aden with mountains in the background: Circa 1870 - 1900</field>
    <field name="ref_ssi">aspace_f21edefa574260e7322e20b51fb43ca7</field>
    <field name="repository_ssi">akkasah</field>
    <field name="repository_sim">akkasah</field>
    <field name="repository_ssm">akkasah</field>
    <field name="format_sim">Archival Object</field>
    <field name="format_ssm">Archival Object</field>
    <field name="location_ssm">object: Digital copy only: ref194-ref229</field>
    <field name="location_si">object: Digital copy only: ref194-ref229</field>
    <field name="dao_sim">Online Access</field>
    <field name="place_ssm">Aden, Yemen</field>
    <field name="place_sim">Aden, Yemen</field>
    <field name="subject_sim">Mountains/Hills</field>
    <field name="subject_sim">Construction</field>
    <field name="subject_sim">Men</field>
    <field name="subject_sim">Outdoors</field>
    <field name="subject_sim">Horses</field>
    <field name="subject_sim">Animals</field>
    <field name="subject_sim">Landscapes</field>
    <field name="collection_teim">Hisham Khatib Collection - Prints</field>
    <field name="collection_unitid_teim">AD.MC.030</field>
    <field name="series_sim">Algeria, Yemen and Africa</field>
    <field name="series_si">Algeria, Yemen and Africa &gt;&gt; A view of tanks in No. 11 Aden with mountains in the background</field>
    <field name="material_type_sim">Photographic Prints</field>
    <field name="material_type_sim">Albumen Prints</field>
    <field name="material_type_ssm">Photographic Prints</field>
    <field name="material_type_ssm">Albumen Prints</field>
    <field name="heading_ssm">A view of tanks in No. 11 Aden with mountains in the background</field>
    <field name="unitdate_start_sim">1870</field>
    <field name="unitdate_start_ssm">1870</field>
    <field name="unitdate_start_si">1870</field>
    <field name="unitdate_end_sim">1900</field>
    <field name="unitdate_end_ssm">1900</field>
    <field name="unitdate_end_si">1900</field>
    <field name="unitdate_ssm">Inclusive, Circa 1870 - 1900</field>
    <field name="date_range_sim">1801-1900</field>
    <field name="sort_ii">234</field>
  </doc>
</add>
