<?xml version="1.0" encoding="UTF-8"?>
<add>
  <doc>
    <field name="id">mss_420aspace_faeef91002f8d23032e77dfc4d672e0f</field>
    <field name="ead_ssi">mss_420</field>
    <field name="parent_ssi">aspace_c5f14ad857ff34538a826fd3d73d2d83</field>
    <field name="parent_ssm">aspace_c5f14ad857ff34538a826fd3d73d2d83</field>
    <field name="parent_unittitles_ssm">Series III. Shows and Tours</field>
    <field name="parent_unittitles_teim">Series III. Shows and Tours</field>
    <field name="component_level_isim">2</field>
    <field name="component_children_bsi">false</field>
    <field name="collection_sim">Hot Peaches Records</field>
    <field name="collection_ssm">Hot Peaches Records</field>
    <field name="collection_unitid_ssm">MSS.420</field>
    <field name="level_sim">file</field>
    <field name="unittitle_ssm">&lt;em&gt;Eagle in the Bubble&lt;/em&gt; -- Poster, Music by Jimmy Camicia</field>
    <field name="unittitle_teim">Eagle in the Bubble -- Poster, Music by Jimmy Camicia</field>
    <field name="unitid_teim">/repositories/3/archival_objects/978275</field>
    <field name="unitid_ssm">/repositories/3/archival_objects/978275</field>
    <field name="unitdate_normal_ssm">1970/2010</field>
    <field name="unitdate_normal_teim">1970/2010</field>
    <field name="unitdate_normal_sim">1970/2010</field>
    <field name="unitdate_inclusive_teim">undated</field>
    <field name="ref_ssi">aspace_faeef91002f8d23032e77dfc4d672e0f</field>
    <field name="repository_ssi">fales</field>
    <field name="repository_sim">fales</field>
    <field name="repository_ssm">fales</field>
    <field name="format_sim">Archival Object</field>
    <field name="format_ssm">Archival Object</field>
    <field name="location_ssm">Box: 40, Folder: 8</field>
    <field name="location_si">Box: 40, Folder: 8</field>
    <field name="collection_teim">Hot Peaches Records</field>
    <field name="collection_unitid_teim">MSS.420</field>
    <field name="series_sim">Series III. Shows and Tours</field>
    <field name="series_si">Series III. Shows and Tours &gt;&gt; &lt;em&gt;Eagle in the Bubble&lt;/em&gt; -- Poster, Music by Jimmy Camicia</field>
    <field name="heading_ssm">Eagle in the Bubble -- Poster, Music by Jimmy Camicia</field>
    <field name="unitdate_start_sim">1970</field>
    <field name="unitdate_start_ssm">1970</field>
    <field name="unitdate_start_si">1970</field>
    <field name="unitdate_end_sim">2010</field>
    <field name="unitdate_end_ssm">2010</field>
    <field name="unitdate_end_si">2010</field>
    <field name="unitdate_ssm">Inclusive, undated</field>
    <field name="date_range_sim">1901-2000</field>
    <field name="date_range_sim">2001-2100</field>
    <field name="sort_ii">339</field>
  </doc>
</add>
