<?xml version="1.0" encoding="UTF-8"?>
<add>
  <doc>
    <field name="id">mss_420aspace_70f8300d2dd95d593035bdac91018386</field>
    <field name="ead_ssi">mss_420</field>
    <field name="parent_ssi">aspace_ade9deb88b6e2ec824ec693eb0011149</field>
    <field name="parent_ssm">aspace_ade9deb88b6e2ec824ec693eb0011149</field>
    <field name="parent_unittitles_ssm">Series I. Recordings</field>
    <field name="parent_unittitles_teim">Series I. Recordings</field>
    <field name="component_level_isim">2</field>
    <field name="component_children_bsi">false</field>
    <field name="collection_sim">Hot Peaches Records</field>
    <field name="collection_ssm">Hot Peaches Records</field>
    <field name="collection_unitid_ssm">MSS.420</field>
    <field name="level_sim">file</field>
    <field name="unittitle_ssm">
      &lt;em&gt;Christopher Street Columbus&lt;/em&gt;
    </field>
    <field name="unittitle_teim">
      Christopher Street Columbus
    </field>
    <field name="unitid_teim">/repositories/3/archival_objects/971274</field>
    <field name="unitid_ssm">/repositories/3/archival_objects/971274</field>
    <field name="unitdate_normal_ssm">1992-05-30/1992-05-30</field>
    <field name="unitdate_normal_teim">1992-05-30/1992-05-30</field>
    <field name="unitdate_normal_sim">1992-05-30/1992-05-30</field>
    <field name="unitdate_teim">May 30, 1992</field>
    <field name="ref_ssi">aspace_70f8300d2dd95d593035bdac91018386</field>
    <field name="repository_ssi">fales</field>
    <field name="repository_sim">fales</field>
    <field name="repository_ssm">fales</field>
    <field name="format_sim">Archival Object</field>
    <field name="format_ssm">Archival Object</field>
    <field name="location_ssm">Box: 2, VHS: 420.042</field>
    <field name="location_si">Box: 2, VHS: 420.042</field>
    <field name="collection_teim">Hot Peaches Records</field>
    <field name="collection_unitid_teim">MSS.420</field>
    <field name="series_sim">Series I. Recordings</field>
    <field name="series_si">Series I. Recordings &gt;&gt; 
      &lt;em&gt;Christopher Street Columbus&lt;/em&gt;
    </field>
    <field name="heading_ssm">
      Christopher Street Columbus
    </field>
    <field name="unitdate_ssm">May 30, 1992</field>
    <field name="date_range_sim">undated &amp; other</field>
    <field name="sort_ii">138</field>
  </doc>
</add>
