<?xml version="1.0" encoding="UTF-8"?>
<add>
  <doc>
    <field name="id">mss_420aspace_b44590daee39afec3aad88a07d94c6d5</field>
    <field name="ead_ssi">mss_420</field>
    <field name="parent_ssi">aspace_ade9deb88b6e2ec824ec693eb0011149</field>
    <field name="parent_ssm">aspace_ade9deb88b6e2ec824ec693eb0011149</field>
    <field name="parent_unittitles_ssm">Series I. Recordings</field>
    <field name="parent_unittitles_teim">Series I. Recordings</field>
    <field name="component_level_isim">2</field>
    <field name="component_children_bsi">false</field>
    <field name="collection_sim">Hot Peaches Records</field>
    <field name="collection_ssm">Hot Peaches Records</field>
    <field name="collection_unitid_ssm">MSS.420</field>
    <field name="level_sim">file</field>
    <field name="unittitle_ssm">Club Performance at Don't Tell Mama, New York City</field>
    <field name="unittitle_teim">Club Performance at Don't Tell Mama, New York City</field>
    <field name="unitid_teim">ID: 420.0004</field>
    <field name="unitid_teim">/repositories/3/archival_objects/971248</field>
    <field name="unitid_ssm">ID: 420.0004</field>
    <field name="unitid_ssm">/repositories/3/archival_objects/971248</field>
    <field name="unitdate_normal_ssm">1989-08-05/1989-08-05</field>
    <field name="unitdate_normal_teim">1989-08-05/1989-08-05</field>
    <field name="unitdate_normal_sim">1989-08-05/1989-08-05</field>
    <field name="unitdate_teim">August 5, 1989</field>
    <field name="dao_teim">Club Performance at Don't Tell Mama, New York City</field>
    <field name="dao_ssm">Club Performance at Don't Tell Mama, New York City</field>
    <field name="ref_ssi">aspace_b44590daee39afec3aad88a07d94c6d5</field>
    <field name="repository_ssi">fales</field>
    <field name="repository_sim">fales</field>
    <field name="repository_ssm">fales</field>
    <field name="format_sim">Archival Object</field>
    <field name="format_ssm">Archival Object</field>
    <field name="location_ssm">Box: 1, VHS: 420.0004</field>
    <field name="location_si">Box: 1, VHS: 420.0004</field>
    <field name="dao_sim">Online Access</field>
    <field name="collection_teim">Hot Peaches Records</field>
    <field name="collection_unitid_teim">MSS.420</field>
    <field name="series_sim">Series I. Recordings</field>
    <field name="series_si">Series I. Recordings &gt;&gt; Club Performance at Don't Tell Mama, New York City</field>
    <field name="heading_ssm">Club Performance at Don't Tell Mama, New York City</field>
    <field name="unitdate_ssm">August 5, 1989</field>
    <field name="date_range_sim">undated &amp; other</field>
    <field name="sort_ii">105</field>
  </doc>
</add>
