<?xml version="1.0" encoding="UTF-8"?>
<add>
  <doc>
    <field name="id">mss_420aspace_91a6a8ea659161b155eccd20d62bb8d3</field>
    <field name="ead_ssi">mss_420</field>
    <field name="parent_ssi">aspace_ade9deb88b6e2ec824ec693eb0011149</field>
    <field name="parent_ssm">aspace_ade9deb88b6e2ec824ec693eb0011149</field>
    <field name="parent_unittitles_ssm">Series I. Recordings</field>
    <field name="parent_unittitles_teim">Series I. Recordings</field>
    <field name="component_level_isim">2</field>
    <field name="component_children_bsi">false</field>
    <field name="collection_sim">Hot Peaches Records</field>
    <field name="collection_ssm">Hot Peaches Records</field>
    <field name="collection_unitid_ssm">MSS.420</field>
    <field name="level_sim">file</field>
    <field name="unittitle_ssm">Compilation -- Away / Sam's Place / Joey in New York</field>
    <field name="unittitle_teim">Compilation -- Away / Sam's Place / Joey in New York</field>
    <field name="unitid_teim">/repositories/3/archival_objects/971208</field>
    <field name="unitid_ssm">/repositories/3/archival_objects/971208</field>
    <field name="unitdate_normal_ssm">1983/1984</field>
    <field name="unitdate_normal_teim">1983/1984</field>
    <field name="unitdate_normal_sim">1983/1984</field>
    <field name="unitdate_inclusive_teim">1983-1984</field>
    <field name="ref_ssi">aspace_91a6a8ea659161b155eccd20d62bb8d3</field>
    <field name="repository_ssi">fales</field>
    <field name="repository_sim">fales</field>
    <field name="repository_ssm">fales</field>
    <field name="format_sim">Archival Object</field>
    <field name="format_ssm">Archival Object</field>
    <field name="location_ssm">Box: 1, VHS: 420.034</field>
    <field name="location_si">Box: 1, VHS: 420.034</field>
    <field name="collection_teim">Hot Peaches Records</field>
    <field name="collection_unitid_teim">MSS.420</field>
    <field name="series_sim">Series I. Recordings</field>
    <field name="series_si">Series I. Recordings &gt;&gt; Compilation -- Away / Sam's Place / Joey in New York</field>
    <field name="heading_ssm">Compilation -- Away / Sam's Place / Joey in New York</field>
    <field name="unitdate_start_sim">1983</field>
    <field name="unitdate_start_ssm">1983</field>
    <field name="unitdate_start_si">1983</field>
    <field name="unitdate_end_sim">1984</field>
    <field name="unitdate_end_ssm">1984</field>
    <field name="unitdate_end_si">1984</field>
    <field name="unitdate_ssm">Inclusive, 1983-1984</field>
    <field name="date_range_sim">1901-2000</field>
    <field name="sort_ii">58</field>
  </doc>
</add>
