<?xml version="1.0" encoding="UTF-8"?>
<add>
  <doc>
    <field name="id">tam_143aspace_ref133</field>
    <field name="ead_ssi">tam_143</field>
    <field name="parent_ssi">aspace_ref117</field>
    <field name="parent_ssm">aspace_ref85</field>
    <field name="parent_ssm">aspace_ref117</field>
    <field name="parent_unittitles_ssm">Series III: Political Activities</field>
    <field name="parent_unittitles_ssm">Subseries III:C: National Guardian</field>
    <field name="parent_unittitles_teim">Series III: Political Activities</field>
    <field name="parent_unittitles_teim">Subseries III:C: National Guardian</field>
    <field name="component_level_isim">3</field>
    <field name="component_children_bsi">false</field>
    <field name="collection_sim">Cedric Belfrage Papers</field>
    <field name="collection_ssm">Cedric Belfrage Papers</field>
    <field name="collection_unitid_ssm">TAM.143</field>
    <field name="level_sim">otherlevel</field>
    <field name="unittitle_ssm">Chronology of "Negro 'Cases' and Lynchings".</field>
    <field name="unittitle_teim">Chronology of "Negro 'Cases' and Lynchings".</field>
    <field name="unitid_teim">/repositories/2/archival_objects/192501</field>
    <field name="unitid_ssm">/repositories/2/archival_objects/192501</field>
    <field name="unitdate_normal_ssm">1960/1980</field>
    <field name="unitdate_normal_teim">1960/1980</field>
    <field name="unitdate_normal_sim">1960/1980</field>
    <field name="unitdate_inclusive_teim">ca.1970</field>
    <field name="ref_ssi">aspace_ref133</field>
    <field name="repository_ssi">tamwag</field>
    <field name="repository_sim">tamwag</field>
    <field name="repository_ssm">tamwag</field>
    <field name="format_sim">Archival Object</field>
    <field name="format_ssm">Archival Object</field>
    <field name="location_ssm">Box: 9, Folder: 16</field>
    <field name="location_si">Box: 9, Folder: 16</field>
    <field name="collection_teim">Cedric Belfrage Papers</field>
    <field name="collection_unitid_teim">TAM.143</field>
    <field name="series_sim">Series III: Political Activities</field>
    <field name="series_sim">Subseries III:C: National Guardian</field>
    <field name="series_si">Series III: Political Activities &gt;&gt; Subseries III:C: National Guardian &gt;&gt; Chronology of "Negro 'Cases' and Lynchings".</field>
    <field name="heading_ssm">Chronology of "Negro 'Cases' and Lynchings".</field>
    <field name="unitdate_start_sim">1960</field>
    <field name="unitdate_start_ssm">1960</field>
    <field name="unitdate_start_si">1960</field>
    <field name="unitdate_end_sim">1980</field>
    <field name="unitdate_end_ssm">1980</field>
    <field name="unitdate_end_si">1980</field>
    <field name="unitdate_ssm">Inclusive, ca.1970</field>
    <field name="date_range_sim">1901-2000</field>
    <field name="sort_ii">123</field>
  </doc>
</add>
