<?xml version="1.0" encoding="UTF-8"?>
<add>
  <doc>
    <field name="id">tam_143aspace_ref431</field>
    <field name="ead_ssi">tam_143</field>
    <field name="component_level_isim">1</field>
    <field name="component_children_bsi">true</field>
    <field name="collection_sim">Cedric Belfrage Papers</field>
    <field name="collection_ssm">Cedric Belfrage Papers</field>
    <field name="collection_unitid_ssm">TAM.143</field>
    <field name="level_sim">series</field>
    <field name="unittitle_ssm">Series V: Addendum </field>
    <field name="unittitle_teim">Series V: Addendum </field>
    <field name="unitid_teim">/repositories/2/archival_objects/192796</field>
    <field name="unitid_ssm">/repositories/2/archival_objects/192796</field>
    <field name="unitdate_normal_ssm">1923/2003</field>
    <field name="unitdate_normal_teim">1923/2003</field>
    <field name="unitdate_normal_sim">1923/2003</field>
    <field name="unitdate_inclusive_teim">1923-2003</field>
    <field name="scopecontent_teim">The Addendum contains correspondence of Cedric Belfrage, of his widow Mary Belfrage, a typescript of and unpublished autobiography by Cedrice, "Nine Lives of a Heretic," other writings by CB, including a typescript "The Jews and I," FOIA files obtained by Belfrage biographer Jennifer Palmer, correspondence and other materials relating to the Cuernavaca Belfrage home insofar as it served as a guest house for various leftists traveling abroad, and biographical information on Mary Belfrage.</field>
    <field name="ref_ssi">aspace_ref431</field>
    <field name="repository_ssi">tamwag</field>
    <field name="repository_sim">tamwag</field>
    <field name="repository_ssm">tamwag</field>
    <field name="format_sim">Archival Series</field>
    <field name="format_ssm">Archival Series</field>
    <field name="collection_teim">Cedric Belfrage Papers</field>
    <field name="collection_unitid_teim">TAM.143</field>
    <field name="series_si">Series V: Addendum </field>
    <field name="heading_ssm">Series V: Addendum </field>
    <field name="unitdate_start_sim">1923</field>
    <field name="unitdate_start_ssm">1923</field>
    <field name="unitdate_start_si">1923</field>
    <field name="unitdate_end_sim">2003</field>
    <field name="unitdate_end_ssm">2003</field>
    <field name="unitdate_end_si">2003</field>
    <field name="unitdate_ssm">Inclusive, 1923-2003</field>
    <field name="date_range_sim">1901-2000</field>
    <field name="date_range_sim">2001-2100</field>
    <field name="sort_ii">417</field>
  </doc>
</add>
