<?xml version="1.0" encoding="UTF-8"?>
<add>
  <doc>
    <field name="id">tam_143aspace_ref205</field>
    <field name="ead_ssi">tam_143</field>
    <field name="parent_ssi">aspace_ref204</field>
    <field name="parent_ssm">aspace_ref141</field>
    <field name="parent_ssm">aspace_ref204</field>
    <field name="parent_unittitles_ssm">Series IV: Writings</field>
    <field name="parent_unittitles_ssm">Subseries IV:E: Unpublished Writings</field>
    <field name="parent_unittitles_teim">Series IV: Writings</field>
    <field name="parent_unittitles_teim">Subseries IV:E: Unpublished Writings</field>
    <field name="component_level_isim">3</field>
    <field name="component_children_bsi">false</field>
    <field name="collection_sim">Cedric Belfrage Papers</field>
    <field name="collection_ssm">Cedric Belfrage Papers</field>
    <field name="collection_unitid_ssm">TAM.143</field>
    <field name="level_sim">otherlevel</field>
    <field name="unittitle_ssm">'stab In The Dark' Novel notes and character descriptions.</field>
    <field name="unittitle_teim">'stab In The Dark' Novel notes and character descriptions.</field>
    <field name="unitid_teim">/repositories/2/archival_objects/192574</field>
    <field name="unitid_ssm">/repositories/2/archival_objects/192574</field>
    <field name="unitdate_normal_ssm">1941/1941</field>
    <field name="unitdate_normal_teim">1941/1941</field>
    <field name="unitdate_normal_sim">1941/1941</field>
    <field name="unitdate_inclusive_teim">1941</field>
    <field name="ref_ssi">aspace_ref205</field>
    <field name="repository_ssi">tamwag</field>
    <field name="repository_sim">tamwag</field>
    <field name="repository_ssm">tamwag</field>
    <field name="format_sim">Archival Object</field>
    <field name="format_ssm">Archival Object</field>
    <field name="location_ssm">Box: 13, Folder: 7</field>
    <field name="location_si">Box: 13, Folder: 7</field>
    <field name="collection_teim">Cedric Belfrage Papers</field>
    <field name="collection_unitid_teim">TAM.143</field>
    <field name="series_sim">Series IV: Writings</field>
    <field name="series_sim">Subseries IV:E: Unpublished Writings</field>
    <field name="series_si">Series IV: Writings &gt;&gt; Subseries IV:E: Unpublished Writings &gt;&gt; 'stab In The Dark' Novel notes and character descriptions.</field>
    <field name="heading_ssm">'stab In The Dark' Novel notes and character descriptions.</field>
    <field name="unitdate_start_sim">1941</field>
    <field name="unitdate_start_ssm">1941</field>
    <field name="unitdate_start_si">1941</field>
    <field name="unitdate_end_sim">1941</field>
    <field name="unitdate_end_ssm">1941</field>
    <field name="unitdate_end_si">1941</field>
    <field name="unitdate_ssm">Inclusive, 1941</field>
    <field name="date_range_sim">1901-2000</field>
    <field name="sort_ii">196</field>
  </doc>
</add>
