<?xml version="1.0" encoding="UTF-8"?>
<add>
  <doc>
    <field name="id">tam_143aspace_ref527</field>
    <field name="ead_ssi">tam_143</field>
    <field name="parent_ssi">aspace_ref518</field>
    <field name="parent_ssm">aspace_ref518</field>
    <field name="parent_unittitles_ssm">Series VI: Photographs and Bust</field>
    <field name="parent_unittitles_teim">Series VI: Photographs and Bust</field>
    <field name="component_level_isim">2</field>
    <field name="component_children_bsi">false</field>
    <field name="collection_sim">Cedric Belfrage Papers</field>
    <field name="collection_ssm">Cedric Belfrage Papers</field>
    <field name="collection_unitid_ssm">TAM.143</field>
    <field name="level_sim">file</field>
    <field name="unittitle_ssm">General</field>
    <field name="unittitle_teim">General</field>
    <field name="unitid_teim">/repositories/2/archival_objects/192874</field>
    <field name="unitid_ssm">/repositories/2/archival_objects/192874</field>
    <field name="unitdate_teim">undated</field>
    <field name="ref_ssi">aspace_ref527</field>
    <field name="repository_ssi">tamwag</field>
    <field name="repository_sim">tamwag</field>
    <field name="repository_ssm">tamwag</field>
    <field name="format_sim">Archival Object</field>
    <field name="format_ssm">Archival Object</field>
    <field name="location_ssm">Box: 30, Folder: 9</field>
    <field name="location_si">Box: 30, Folder: 9</field>
    <field name="collection_teim">Cedric Belfrage Papers</field>
    <field name="collection_unitid_teim">TAM.143</field>
    <field name="series_sim">Series VI: Photographs and Bust</field>
    <field name="series_si">Series VI: Photographs and Bust &gt;&gt; General</field>
    <field name="heading_ssm">General</field>
    <field name="unitdate_ssm">undated</field>
    <field name="date_range_sim">undated &amp; other</field>
    <field name="sort_ii">497</field>
  </doc>
</add>
