<?xml version="1.0" encoding="UTF-8"?>
<add>
  <doc>
    <field name="id">tam_143aspace_ref163</field>
    <field name="ead_ssi">tam_143</field>
    <field name="parent_ssi">aspace_ref156</field>
    <field name="parent_ssm">aspace_ref141</field>
    <field name="parent_ssm">aspace_ref156</field>
    <field name="parent_unittitles_ssm">Series IV: Writings</field>
    <field name="parent_unittitles_ssm">Subseries IV:B: Articles</field>
    <field name="parent_unittitles_teim">Series IV: Writings</field>
    <field name="parent_unittitles_teim">Subseries IV:B: Articles</field>
    <field name="component_level_isim">3</field>
    <field name="component_children_bsi">false</field>
    <field name="collection_sim">Cedric Belfrage Papers</field>
    <field name="collection_ssm">Cedric Belfrage Papers</field>
    <field name="collection_unitid_ssm">TAM.143</field>
    <field name="level_sim">otherlevel</field>
    <field name="unittitle_ssm">Book reviews and articles for the &lt;em&gt;Progressive&lt;/em&gt;and &lt;em&gt;In These Times&lt;/em&gt;.</field>
    <field name="unittitle_teim">Book reviews and articles for the Progressiveand In These Times.</field>
    <field name="unitid_teim">/repositories/2/archival_objects/192532</field>
    <field name="unitid_ssm">/repositories/2/archival_objects/192532</field>
    <field name="unitdate_normal_ssm">1977/1978</field>
    <field name="unitdate_normal_teim">1977/1978</field>
    <field name="unitdate_normal_sim">1977/1978</field>
    <field name="unitdate_inclusive_teim">1977-1978</field>
    <field name="title_teim">Progressive</field>
    <field name="title_teim">In These Times</field>
    <field name="title_ssm">Progressive</field>
    <field name="title_ssm">In These Times</field>
    <field name="ref_ssi">aspace_ref163</field>
    <field name="repository_ssi">tamwag</field>
    <field name="repository_sim">tamwag</field>
    <field name="repository_ssm">tamwag</field>
    <field name="format_sim">Archival Object</field>
    <field name="format_ssm">Archival Object</field>
    <field name="location_ssm">Box: 11, Folder: 7</field>
    <field name="location_si">Box: 11, Folder: 7</field>
    <field name="collection_teim">Cedric Belfrage Papers</field>
    <field name="collection_unitid_teim">TAM.143</field>
    <field name="series_sim">Series IV: Writings</field>
    <field name="series_sim">Subseries IV:B: Articles</field>
    <field name="series_si">Series IV: Writings &gt;&gt; Subseries IV:B: Articles &gt;&gt; Book reviews and articles for the &lt;em&gt;Progressive&lt;/em&gt;and &lt;em&gt;In These Times&lt;/em&gt;.</field>
    <field name="heading_ssm">Book reviews and articles for the Progressiveand In These Times.</field>
    <field name="unitdate_start_sim">1977</field>
    <field name="unitdate_start_ssm">1977</field>
    <field name="unitdate_start_si">1977</field>
    <field name="unitdate_end_sim">1978</field>
    <field name="unitdate_end_ssm">1978</field>
    <field name="unitdate_end_si">1978</field>
    <field name="unitdate_ssm">Inclusive, 1977-1978</field>
    <field name="date_range_sim">1901-2000</field>
    <field name="sort_ii">154</field>
  </doc>
</add>
