<?xml version="1.0" encoding="UTF-8"?>
<add>
  <doc>
    <field name="id">mss_460aspace_24423b2187c2cf8c0def3303f54a0877</field>
    <field name="ead_ssi">mss_460</field>
    <field name="parent_ssi">aspace_ca6b2f0321b5079be00eb2c8692790b1</field>
    <field name="parent_ssm">aspace_7951feea619b6c41436c556e0674d1c8</field>
    <field name="parent_ssm">aspace_ca6b2f0321b5079be00eb2c8692790b1</field>
    <field name="parent_unittitles_ssm">Adele Fournet Papers on the Bit Rosie Web Series</field>
    <field name="parent_unittitles_ssm">Silvestre, Gisela Fullá</field>
    <field name="parent_unittitles_teim">Adele Fournet Papers on the Bit Rosie Web Series</field>
    <field name="parent_unittitles_teim">Silvestre, Gisela Fullá</field>
    <field name="component_level_isim">3</field>
    <field name="component_children_bsi">false</field>
    <field name="collection_sim">Adele Fournet Papers on the Bit Rosie Web Series</field>
    <field name="collection_ssm">Adele Fournet Papers on the Bit Rosie Web Series</field>
    <field name="collection_unitid_ssm">MSS.460</field>
    <field name="level_sim">item</field>
    <field name="unittitle_ssm">Silvestre, Gisela Fullá -- Performance</field>
    <field name="unittitle_teim">Silvestre, Gisela Fullá -- Performance</field>
    <field name="unitid_teim">cuid5774</field>
    <field name="unitid_ssm">cuid5774</field>
    <field name="unitdate_normal_ssm">2015/2015</field>
    <field name="unitdate_normal_teim">2015/2015</field>
    <field name="unitdate_normal_sim">2015/2015</field>
    <field name="unitdate_teim">2015</field>
    <field name="dao_teim">Gisela Fullá Silvestre -- Performance: 2015-</field>
    <field name="dao_ssm">Gisela Fullá Silvestre -- Performance: 2015-</field>
    <field name="ref_ssi">aspace_24423b2187c2cf8c0def3303f54a0877</field>
    <field name="repository_ssi">fales</field>
    <field name="repository_sim">fales</field>
    <field name="repository_ssm">fales</field>
    <field name="format_sim">Archival Object</field>
    <field name="format_ssm">Archival Object</field>
    <field name="location_ssm">E-records: FA_MSS_460, object: FA_MSS_460_ER_31</field>
    <field name="location_si">E-records: FA_MSS_460, object: FA_MSS_460_ER_31</field>
    <field name="dao_sim">Online Access</field>
    <field name="collection_teim">Adele Fournet Papers on the Bit Rosie Web Series</field>
    <field name="collection_unitid_teim">MSS.460</field>
    <field name="series_sim">Adele Fournet Papers on the Bit Rosie Web Series</field>
    <field name="series_sim">Silvestre, Gisela Fullá</field>
    <field name="series_si">Adele Fournet Papers on the Bit Rosie Web Series &gt;&gt; Silvestre, Gisela Fullá &gt;&gt; Silvestre, Gisela Fullá -- Performance</field>
    <field name="heading_ssm">Silvestre, Gisela Fullá -- Performance</field>
    <field name="unitdate_start_sim">2015</field>
    <field name="unitdate_start_ssm">2015</field>
    <field name="unitdate_start_si">2015</field>
    <field name="unitdate_end_sim">2015</field>
    <field name="unitdate_end_ssm">2015</field>
    <field name="unitdate_end_si">2015</field>
    <field name="unitdate_ssm">2015</field>
    <field name="date_range_sim">2001-2100</field>
    <field name="sort_ii">46</field>
  </doc>
</add>
